Component: ARM Compiler 5.05 update 1 (build 106) Tool: armlink [4d0efa]

==============================================================================

Section Cross References

    main.o(.text) refers to _printf_pad.o(.text) for _printf_pre_padding
    main.o(.text) refers to _printf_percent.o(.ARM.Collect$$_printf_percent$$00000000) for _printf_percent
    main.o(.text) refers to _printf_d.o(.ARM.Collect$$_printf_percent$$00000009) for _printf_d
    main.o(.text) refers to _printf_x.o(.ARM.Collect$$_printf_percent$$0000000C) for _printf_x
    main.o(.text) refers to _printf_dec.o(.text) for _printf_int_dec
    main.o(.text) refers to _printf_hex_int.o(.text) for _printf_longlong_hex
    main.o(.text) refers to main.o(.constdata) for E
    main.o(.text) refers to noretval__2printf.o(.text) for __2printf
    startup_tm4c123.o(STACK) refers (Special) to heapauxi.o(.text) for __use_two_region_memory
    startup_tm4c123.o(HEAP) refers (Special) to heapauxi.o(.text) for __use_two_region_memory
    startup_tm4c123.o(RESET) refers (Special) to heapauxi.o(.text) for __use_two_region_memory
    startup_tm4c123.o(RESET) refers to startup_tm4c123.o(STACK) for StackMem
    startup_tm4c123.o(RESET) refers to __main.o(!!!main) for __main
    startup_tm4c123.o(RESET) refers to startup_tm4c123.o(HEAP) for HeapMem
    __2printf.o(.text) refers to _printf_char_file.o(.text) for _printf_char_file
    __2printf.o(.text) refers to stdio_streams.o(.bss) for __stdout
    noretval__2printf.o(.text) refers to _printf_char_file.o(.text) for _printf_char_file
    noretval__2printf.o(.text) refers to stdio_streams.o(.bss) for __stdout
    __printf.o(.text) refers to _printf_percent.o(.ARM.Collect$$_printf_percent$$00000000) for _printf_percent
    _printf_dec.o(.text) refers to _printf_intcommon.o(.text) for _printf_int_common
    _printf_hex_ll.o(.text) refers to _printf_intcommon.o(.text) for _printf_int_common
    _printf_hex_ll.o(.text) refers to _printf_hex_ll.o(.constdata) for .constdata
    _printf_hex_int.o(.text) refers to _printf_intcommon.o(.text) for _printf_int_common
    _printf_hex_int.o(.text) refers to _printf_hex_int.o(.constdata) for .constdata
    _printf_hex_int_ll.o(.text) refers to _printf_intcommon.o(.text) for _printf_int_common
    _printf_hex_int_ll.o(.text) refers to _printf_hex_int_ll.o(.constdata) for .constdata
    _printf_hex_ptr.o(.text) refers to _printf_intcommon.o(.text) for _printf_int_common
    _printf_hex_ptr.o(.text) refers to _printf_hex_ptr.o(.constdata) for .constdata
    _printf_hex_int_ptr.o(.text) refers to _printf_intcommon.o(.text) for _printf_int_common
    _printf_hex_int_ptr.o(.text) refers to _printf_hex_int_ptr.o(.constdata) for .constdata
    _printf_hex_ll_ptr.o(.text) refers to _printf_intcommon.o(.text) for _printf_int_common
    _printf_hex_ll_ptr.o(.text) refers to _printf_hex_ll_ptr.o(.constdata) for .constdata
    _printf_hex_int_ll_ptr.o(.text) refers to _printf_intcommon.o(.text) for _printf_int_common
    _printf_hex_int_ll_ptr.o(.text) refers to _printf_hex_int_ll_ptr.o(.constdata) for .constdata
    __printf_flags.o(.text) refers to _printf_percent.o(.ARM.Collect$$_printf_percent$$00000000) for _printf_percent
    __printf_flags.o(.text) refers to __printf_flags.o(.constdata) for .constdata
    __printf_ss.o(.text) refers to _printf_percent.o(.ARM.Collect$$_printf_percent$$00000000) for _printf_percent
    __printf_flags_ss.o(.text) refers to _printf_percent.o(.ARM.Collect$$_printf_percent$$00000000) for _printf_percent
    __printf_flags_ss.o(.text) refers to __printf_flags_ss.o(.constdata) for .constdata
    __printf_wp.o(.text) refers to __printf_wp.o(i._is_digit) for _is_digit
    __printf_wp.o(.text) refers to _printf_percent.o(.ARM.Collect$$_printf_percent$$00000000) for _printf_percent
    __printf_flags_wp.o(.text) refers to __printf_wp.o(i._is_digit) for _is_digit
    __printf_flags_wp.o(.text) refers to _printf_percent.o(.ARM.Collect$$_printf_percent$$00000000) for _printf_percent
    __printf_flags_wp.o(.text) refers to __printf_flags_wp.o(.constdata) for .constdata
    __printf_ss_wp.o(.text) refers to __printf_wp.o(i._is_digit) for _is_digit
    __printf_ss_wp.o(.text) refers to _printf_percent.o(.ARM.Collect$$_printf_percent$$00000000) for _printf_percent
    __printf_flags_ss_wp.o(.text) refers to __printf_wp.o(i._is_digit) for _is_digit
    __printf_flags_ss_wp.o(.text) refers to _printf_percent.o(.ARM.Collect$$_printf_percent$$00000000) for _printf_percent
    __printf_flags_ss_wp.o(.text) refers to __printf_flags_ss_wp.o(.constdata) for .constdata
    _printf_x.o(.ARM.Collect$$_printf_percent$$0000000C) refers (Weak) to _printf_hex_int.o(.text) for _printf_int_hex
    _printf_d.o(.ARM.Collect$$_printf_percent$$00000009) refers (Weak) to _printf_dec.o(.text) for _printf_int_dec
    _printf_percent.o(.ARM.Collect$$_printf_percent$$00000000) refers (Special) to _printf_percent_end.o(.ARM.Collect$$_printf_percent$$00000017) for _printf_percent_end
[...]
    libinit.o(.ARM.Collect$$libinit$$00000000) refers (Special) to libinit2.o(.ARM.Collect$$libinit$$00000032) for __rt_lib_init_cpp_1
    libinit.o(.ARM.Collect$$libinit$$00000000) refers (Special) to libinit2.o(.ARM.Collect$$libinit$$00000030) for __rt_lib_init_exceptions_1
    libinit.o(.ARM.Collect$$libinit$$00000000) refers (Special) to libinit2.o(.ARM.Collect$$libinit$$00000001) for __rt_lib_init_fp_1
    libinit.o(.ARM.Collect$$libinit$$00000000) refers (Special) to libinit2.o(.ARM.Collect$$libinit$$0000001F) for __rt_lib_init_fp_trap_1
    libinit.o(.ARM.Collect$$libinit$$00000000) refers (Special) to libinit2.o(.ARM.Collect$$libinit$$00000023) for __rt_lib_init_getenv_1
    libinit.o(.ARM.Collect$$libinit$$00000000) refers (Special) to libinit2.o(.ARM.Collect$$libinit$$0000000A) for __rt_lib_init_heap_1
    libinit.o(.ARM.Collect$$libinit$$00000000) refers (Special) to libinit2.o(.ARM.Collect$$libinit$$00000011) for __rt_lib_init_lc_collate_1
    libinit.o(.ARM.Collect$$libinit$$00000000) refers (Special) to libinit2.o(.ARM.Collect$$libinit$$00000013) for __rt_lib_init_lc_ctype_1
    libinit.o(.ARM.Collect$$libinit$$00000000) refers (Special) to libinit2.o(.ARM.Collect$$libinit$$00000015) for __rt_lib_init_lc_monetary_1
    libinit.o(.ARM.Collect$$libinit$$00000000) refers (Special) to libinit2.o(.ARM.Collect$$libinit$$00000017) for __rt_lib_init_lc_numeric_1
    libinit.o(.ARM.Collect$$libinit$$00000000) refers (Special) to libinit2.o(.ARM.Collect$$libinit$$00000019) for __rt_lib_init_lc_time_1
    libinit.o(.ARM.Collect$$libinit$$00000000) refers (Special) to libinit2.o(.ARM.Collect$$libinit$$00000004) for __rt_lib_init_preinit_1
    libinit.o(.ARM.Collect$$libinit$$00000000) refers (Special) to libinit2.o(.ARM.Collect$$libinit$$0000000E) for __rt_lib_init_rand_1
    libinit.o(.ARM.Collect$$libinit$$00000000) refers (Special) to libinit2.o(.ARM.Collect$$libinit$$00000033) for __rt_lib_init_return
    libinit.o(.ARM.Collect$$libinit$$00000000) refers (Special) to libinit2.o(.ARM.Collect$$libinit$$0000001D) for __rt_lib_init_signal_1
    libinit.o(.ARM.Collect$$libinit$$00000000) refers (Special) to libinit2.o(.ARM.Collect$$libinit$$00000025) for __rt_lib_init_stdio_1
    libinit.o(.ARM.Collect$$libinit$$00000000) refers (Special) to libinit2.o(.ARM.Collect$$libinit$$0000000C) for __rt_lib_init_user_alloc_1
    libinit2.o(.ARM.Collect$$libinit$$00000001) refers to fpinit.o(x$fpl$fpinit) for _fp_init
    libinit2.o(.ARM.Collect$$libinit$$00000005) refers (Weak) to init_alloc.o(.text) for _init_alloc
    libinit2.o(.ARM.Collect$$libinit$$00000010) refers to libinit2.o(.ARM.Collect$$libinit$$0000000F) for .ARM.Collect$$libinit$$0000000F
    libinit2.o(.ARM.Collect$$libinit$$00000012) refers to libinit2.o(.ARM.Collect$$libinit$$0000000F) for .ARM.Collect$$libinit$$0000000F
    libinit2.o(.ARM.Collect$$libinit$$00000014) refers to libinit2.o(.ARM.Collect$$libinit$$0000000F) for .ARM.Collect$$libinit$$0000000F
    libinit2.o(.ARM.Collect$$libinit$$00000016) refers to libinit2.o(.ARM.Collect$$libinit$$0000000F) for .ARM.Collect$$libinit$$0000000F
    libinit2.o(.ARM.Collect$$libinit$$00000018) refers to libinit2.o(.ARM.Collect$$libinit$$0000000F) for .ARM.Collect$$libinit$$0000000F
    libinit2.o(.ARM.Collect$$libinit$$00000024) refers (Weak) to initio.o(.text) for _initio
    libinit2.o(.ARM.Collect$$libinit$$00000026) refers to argv_veneer.o(.emb_text) for __ARM_argv_veneer
    libinit2.o(.ARM.Collect$$libinit$$00000027) refers to argv_veneer.o(.emb_text) for __ARM_argv_veneer
    libshutdown2.o(.ARM.Collect$$libshutdown$$00000002) refers (Weak) to initio.o(.text) for _terminateio
    libshutdown2.o(.ARM.Collect$$libshutdown$$0000000C) refers (Weak) to term_alloc.o(.text) for _terminate_alloc
    flsbuf_fwide.o(.text) refers to flsbuf.o(.text) for __flsbuf
    libspace.o(.text) refers to libspace.o(.bss) for __libspace_start
    rtexit.o(.ARM.Collect$$rtexit$$00000000) refers (Special) to rtexit2.o(.ARM.Collect$$rtexit$$00000004) for __rt_exit_exit
    rtexit.o(.ARM.Collect$$rtexit$$00000000) refers (Special) to rtexit2.o(.ARM.Collect$$rtexit$$00000003) for __rt_exit_ls
    rtexit.o(.ARM.Collect$$rtexit$$00000000) refers (Special) to rtexit2.o(.ARM.Collect$$rtexit$$00000002) for __rt_exit_prels_1
    rtexit.o(.ARM.exidx) refers (Special) to rtexit2.o(.ARM.Collect$$rtexit$$00000004) for __rt_exit_exit
    rtexit.o(.ARM.exidx) refers (Special) to rtexit2.o(.ARM.Collect$$rtexit$$00000003) for __rt_exit_ls
    rtexit.o(.ARM.exidx) refers (Special) to rtexit2.o(.ARM.Collect$$rtexit$$00000002) for __rt_exit_prels_1
    rtexit.o(.ARM.exidx) refers to rtexit.o(.ARM.Collect$$rtexit$$00000000) for .ARM.Collect$$rtexit$$00000000
    rt_raise.o(.text) refers to __raise.o(.text) for __raise
    rt_raise.o(.text) refers to sys_exit.o(.text) for _sys_exit
    rt_heap_descriptor.o(.text) refers to rt_heap_descriptor.o(.bss) for __rt_heap_descriptor_data
    rt_heap_descriptor_intlibspace.o(.text) refers to libspace.o(.bss) for __libspace_start
    init_alloc.o(.text) refers (Special) to hguard.o(.text) for __heap$guard
    init_alloc.o(.text) refers (Special) to libinit2.o(.ARM.Collect$$libinit$$00000005) for __rt_lib_init_heap_2
    init_alloc.o(.text) refers (Special) to maybetermalloc1.o(.emb_text) for _maybe_terminate_alloc
    init_alloc.o(.text) refers to h1_extend.o(.text) for __Heap_ProvideMemory
    init_alloc.o(.text) refers to defsig_rtmem_outer.o(.text) for __rt_SIGRTMEM
    init_alloc.o(.text) refers to rt_heap_descriptor_intlibspace.o(.text) for __rt_heap_descriptor
    init_alloc.o(.text) refers to h1_init.o(.text) for __Heap_Initialize
    malloc.o(.text) refers (Special) to hguard.o(.text) for __heap$guard
    malloc.o(.text) refers (Special) to init_alloc.o(.text) for _init_alloc
    malloc.o(.text) refers to rt_heap_descriptor_intlibspace.o(.text) for __rt_heap_descriptor
    malloc.o(.text) refers to heapstubs.o(.text) for __Heap_Alloc
    h1_alloc.o(.text) refers (Special) to h1_init.o(.text) for __Heap_Initialize
    h1_alloc.o(.text) refers to rt_heap_descriptor_intlibspace.o(.text) for __rt_heap_descriptor
    h1_alloc.o(.text) refers to init_alloc.o(.text) for __Heap_Full
    h1_alloc_mt.o(.text) refers (Special) to h1_init.o(.text) for __Heap_Initialize
    h1_alloc_mt.o(.text) refers to init_alloc.o(.text) for __Heap_Full
    h1_alloc_mt.o(.text) refers to rt_heap_descriptor_intlibspace.o(.text) for __rt_heap_descriptor
    _printf_char_file_locked.o(.text) refers to _printf_char_common.o(.text) for _printf_char_common
    _printf_char_file_locked.o(.text) refers to fputc.o(i._fputc$unlocked) for _fputc$unlocked
    fseek.o(.text) refers to sys_io.o(.text) for _sys_istty
    fseek.o(.text) refers to ftell.o(.text) for _ftell_internal
    fseek.o(.text) refers to stdio.o(.text) for _seterr
    stdio.o(.text) refers to sys_io.o(.text) for _sys_seek
    fwritefast.o(.text) refers to stdio.o(.text) for _writebuf
    fwritefast.o(.text) refers to flsbuf.o(.text) for __flsbuf_byte
    fwritefast.o(.text) refers to rt_memcpy_v6.o(.text) for __aeabi_memcpy
    fwritefast_locked.o(.text) refers to stdio.o(.text) for _writebuf
    fwritefast_locked.o(.text) refers to flsbuf.o(.text) for __flsbuf_byte
    fwritefast_locked.o(.text) refers to rt_memcpy_v6.o(.text) for __aeabi_memcpy
    defsig_exit.o(.text) refers to sys_exit.o(.text) for _sys_exit
    defsig_rtred_inner.o(.text) refers to defsig_general.o(.text) for __default_signal_display
    assert_stdio.o(.text) refers to fputs.o(.text) for fputs
    assert_stdio.o(.text) refers to fflush.o(.text) for fflush
    assert_stdio.o(.text) refers to stdio_streams.o(.bss) for __stderr
    argv_veneer.o(.emb_text) refers to no_argv.o(.text) for __ARM_get_argv
    sys_exit.o(.text) refers (Special) to use_no_semi.o(.text) for __I$use$semihosting
    sys_exit.o(.text) refers (Special) to indicate_semi.o(.text) for __semihosting_library_function
    rtexit2.o(.ARM.Collect$$rtexit$$00000003) refers to libshutdown.o(.ARM.Collect$$libshutdown$$00000000) for __rt_lib_shutdown
    rtexit2.o(.ARM.Collect$$rtexit$$00000004) refers to sys_exit.o(.text) for _sys_exit
    rtexit2.o(.ARM.exidx) refers to rtexit2.o(.ARM.Collect$$rtexit$$00000001) for .ARM.Collect$$rtexit$$00000001
    rtexit2.o(.ARM.exidx) refers to rtexit2.o(.ARM.Collect$$rtexit$$00000003) for .ARM.Collect$$rtexit$$00000003
    rtexit2.o(.ARM.exidx) refers to rtexit2.o(.ARM.Collect$$rtexit$$00000004) for .ARM.Collect$$rtexit$$00000004
    maybetermalloc2.o(.emb_text) refers (Special) to term_alloc.o(.text) for _terminate_alloc
    h1_extend.o(.text) refers to h1_free.o(.text) for free
    h1_init_mt.o(.text) refers to mutex_dummy.o(.text) for _mutex_initialize
    h1_extend_mt.o(.text) refers to h1_free_mt.o(.text) for _free_internal
    fflush.o(.text) refers to stdio.o(.text) for _fflush
    fflush.o(.text) refers to fseek.o(.text) for _fseek
    fflush.o(.text) refers to stdio_streams.o(.bss) for __stdin
    fputs.o(.text) refers to fputc.o(i.fputc) for fputc
    ftell.o(.text) refers to rt_errno_addr_intlibspace.o(.text) for __aeabi_errno_addr
    fflush_locked.o(.text) refers to stdio.o(.text) for _fflush
    fflush_locked.o(.text) refers to fseek.o(.text) for _fseek
    fflush_locked.o(.text) refers to fflush.o(.text) for _do_fflush
    fflush_locked.o(.text) refers to streamlock.o(.data) for _stream_list_lock
    fflush_locked.o(.text) refers to stdio_streams.o(.bss) for __stdin
    __raise.o(.text) refers to defsig.o(CL$$defsig) for __default_signal_handler
    defsig_general.o(.text) refers to sys_wrch.o(.text) for _ttywrch
    defsig_rtmem_outer.o(.text) refers to defsig_rtmem_inner.o(.text) for __rt_SIGRTMEM_inner
    defsig_rtmem_outer.o(.text) refers to defsig_exit.o(.text) for __sig_exit
    defsig_rtmem_formal.o(.text) refers to rt_raise.o(.text) for __rt_raise
    rt_memcpy_v6.o(.text) refers to rt_memcpy_w.o(.text) for __aeabi_memcpy4
    heapauxa.o(.text) refers to heapauxa.o(.data) for .data
    _get_argv.o(.text) refers (Special) to hrguard.o(.text) for __heap_region$guard
    _get_argv.o(.text) refers to h1_alloc.o(.text) for malloc
    _get_argv.o(.text) refers to defsig_rtmem_outer.o(.text) for __rt_SIGRTMEM
    _get_argv.o(.text) refers to sys_command.o(.text) for _sys_command_string
    _get_argv_nomalloc.o(.text) refers (Special) to hrguard.o(.text) for __heap_region$guard
    _get_argv_nomalloc.o(.text) refers to defsig_rtmem_outer.o(.text) for __rt_SIGRTMEM
    _get_argv_nomalloc.o(.text) refers to sys_command.o(.text) for _sys_command_string
    sys_wrch.o(.text) refers (Special) to use_no_semi.o(.text) for __I$use$semihosting
    sys_wrch.o(.text) refers (Special) to indicate_semi.o(.text) for __semihosting_library_function
    sys_command.o(.text) refers (Special) to use_no_semi.o(.text) for __I$use$semihosting
    sys_command.o(.text) refers (Special) to indicate_semi.o(.text) for __semihosting_library_function
    rt_errno_addr.o(.text) refers to rt_errno_addr.o(.bss) for __aeabi_errno_addr_data
    rt_errno_addr_intlibspace.o(.text) refers to libspace.o(.bss) for __libspace_start
    term_alloc.o(.text) refers (Special) to libshutdown2.o(.ARM.Collect$$libshutdown$$0000000D) for __rt_lib_shutdown_heap_2
    term_alloc.o(.text) refers to rt_heap_descriptor_intlibspace.o(.text) for __rt_heap_descriptor
    term_alloc.o(.text) refers to h1_final.o(.text) for __Heap_Finalize
    defsig_rtmem_inner.o(.text) refers to defsig_general.o(.text) for __default_signal_display
    defsig.o(CL$$defsig) refers to defsig_rtred_inner.o(.text) for __rt_SIGRTRED_inner
    defsig.o(CL$$defsig) refers to defsig_rtmem_inner.o(.text) for __rt_SIGRTMEM_inner
    libshutdown.o(.ARM.Collect$$libshutdown$$00000000) refers (Special) to libshutdown2.o(.ARM.Collect$$libshutdown$$00000006) for __rt_lib_shutdown_fp_trap_1
    libshutdown.o(.ARM.Collect$$libshutdown$$00000000) refers (Special) to libshutdown2.o(.ARM.Collect$$libshutdown$$0000000E) for __rt_lib_shutdown_heap_1
    libshutdown.o(.ARM.Collect$$libshutdown$$00000000) refers (Special) to libshutdown2.o(.ARM.Collect$$libshutdown$$0000000F) for __rt_lib_shutdown_return
    libshutdown.o(.ARM.Collect$$libshutdown$$00000000) refers (Special) to libshutdown2.o(.ARM.Collect$$libshutdown$$00000009) for __rt_lib_shutdown_signal_1
    libshutdown.o(.ARM.Collect$$libshutdown$$00000000) refers (Special) to libshutdown2.o(.ARM.Collect$$libshutdown$$00000003) for __rt_lib_shutdown_stdio_1
    libshutdown.o(.ARM.Collect$$libshutdown$$00000000) refers (Special) to libshutdown2.o(.ARM.Collect$$libshutdown$$0000000B) for __rt_lib_shutdown_user_alloc_1
    defsig_abrt_inner.o(.text) refers to defsig_general.o(.text) for __default_signal_display
    defsig_fpe_inner.o(.text) refers to defsig_general.o(.text) for __default_signal_display
    defsig_stak_inner.o(.text) refers to defsig_general.o(.text) for __default_signal_display
    defsig_pvfn_inner.o(.text) refers to defsig_general.o(.text) for __default_signal_display
    defsig_cppl_inner.o(.text) refers to defsig_general.o(.text) for __default_signal_display
    defsig_segv_inner.o(.text) refers to defsig_general.o(.text) for __default_signal_display
    defsig_other.o(.text) refers to defsig_general.o(.text) for __default_signal_display


==============================================================================

Image Symbol Table

    Local Symbols

    Symbol Name                              Value     Ov Type        Size  Object(Section)

    RESET                                    0x00000000   Section      684  startup_tm4c123.o(RESET)
    ../clib/angel/boardlib.s                 0x00000000   Number         0  boardinit1.o ABSOLUTE
    ../clib/angel/boardlib.s                 0x00000000   Number         0  boardinit3.o ABSOLUTE
    ../clib/angel/boardlib.s                 0x00000000   Number         0  boardshut.o ABSOLUTE
    ../clib/angel/boardlib.s                 0x00000000   Number         0  boardinit2.o ABSOLUTE
    ../clib/angel/handlers.s                 0x00000000   Number         0  __scatter_zi.o ABSOLUTE
    ../clib/angel/handlers.s                 0x00000000   Number         0  __scatter_copy.o ABSOLUTE
    ../clib/angel/kernel.s                   0x00000000   Number         0  __rtentry4.o ABSOLUTE
    ../clib/angel/kernel.s                   0x00000000   Number         0  __rtentry.o ABSOLUTE
    ../clib/angel/kernel.s                   0x00000000   Number         0  __rtentry2.o ABSOLUTE
    ../clib/angel/kernel.s                   0x00000000   Number         0  rtexit.o ABSOLUTE
    ../clib/angel/kernel.s                   0x00000000   Number         0  rtexit2.o ABSOLUTE
    ../clib/angel/rt.s                       0x00000000   Number         0  rt_heap_descriptor_intlibspace.o ABSOLUTE
    ../clib/angel/rt.s                       0x00000000   Number         0  rt_heap_descriptor.o ABSOLUTE
    ../clib/angel/rt.s                       0x00000000   Number         0  rt_raise.o ABSOLUTE
    ../clib/angel/rt.s                       0x00000000   Number         0  rt_errno_addr.o ABSOLUTE
    ../clib/angel/rt.s                       0x00000000   Number         0  rt_errno_addr_intlibspace.o ABSOLUTE
    ../clib/angel/scatter.s                  0x00000000   Number         0  __scatter.o ABSOLUTE
    ../clib/angel/startup.s                  0x00000000   Number         0  __main.o ABSOLUTE
    ../clib/angel/sys.s                      0x00000000   Number         0  mutex_dummy.o ABSOLUTE
    ../clib/angel/sys.s                      0x00000000   Number         0  sys_stackheap_outer.o ABSOLUTE
    ../clib/angel/sys.s                      0x00000000   Number         0  indicate_semi.o ABSOLUTE
    ../clib/angel/sys.s                      0x00000000   Number         0  use_no_semi.o ABSOLUTE
    ../clib/angel/sys.s                      0x00000000   Number         0  libspace.o ABSOLUTE
    ../clib/angel/sysapp.c                   0x00000000   Number         0  sys_io.o ABSOLUTE
    ../clib/angel/sysapp.c                   0x00000000   Number         0  sys_exit.o ABSOLUTE
    ../clib/angel/sysapp.c                   0x00000000   Number         0  sys_command.o ABSOLUTE
    ../clib/angel/sysapp.c                   0x00000000   Number         0  sys_wrch.o ABSOLUTE
    ../clib/armsys.c                         0x00000000   Number         0  no_argv.o ABSOLUTE
    ../clib/armsys.c                         0x00000000   Number         0  _get_argv_nomalloc.o ABSOLUTE
    ../clib/armsys.c                         0x00000000   Number         0  argv_veneer.o ABSOLUTE
    ../clib/armsys.c                         0x00000000   Number         0  _get_argv.o ABSOLUTE
    ../clib/armsys.c                         0x00000000   Number         0  argv_veneer.o ABSOLUTE
    ../clib/assert.c                         0x00000000   Number         0  assert_stdio.o ABSOLUTE
    ../clib/heap1.c                          0x00000000   Number         0  h1_final_mt.o ABSOLUTE
    ../clib/heap1.c                          0x00000000   Number         0  h1_final.o ABSOLUTE
    ../clib/heap1.c                          0x00000000   Number         0  h1_init_mt.o ABSOLUTE
    ../clib/heap1.c                          0x00000000   Number         0  h1_free_mt.o ABSOLUTE
    ../clib/heap1.c                          0x00000000   Number         0  h1_alloc.o ABSOLUTE
    ../clib/heap1.c                          0x00000000   Number         0  h1_free.o ABSOLUTE
    ../clib/heap1.c                          0x00000000   Number         0  h1_extend_mt.o ABSOLUTE
    ../clib/heap1.c                          0x00000000   Number         0  h1_init.o ABSOLUTE
    ../clib/heap1.c                          0x00000000   Number         0  h1_extend.o ABSOLUTE
    ../clib/heap1.c                          0x00000000   Number         0  h1_alloc_mt.o ABSOLUTE
    ../clib/heap2.c                          0x00000000   Number         0  heap2.o ABSOLUTE
    ../clib/heap2.c                          0x00000000   Number         0  heap2mt.o ABSOLUTE
    ../clib/heap2.c                          0x00000000   Number         0  fdtree.o ABSOLUTE
    ../clib/heapalloc.c                      0x00000000   Number         0  heapstubs.o ABSOLUTE
    ../clib/heapalloc.c                      0x00000000   Number         0  maybetermalloc1.o ABSOLUTE
    ../clib/heapalloc.c                      0x00000000   Number         0  init_alloc.o ABSOLUTE
    ../clib/heapalloc.c                      0x00000000   Number         0  term_alloc.o ABSOLUTE
    ../clib/heapalloc.c                      0x00000000   Number         0  hrguard.o ABSOLUTE
    ../clib/heapalloc.c                      0x00000000   Number         0  maybetermalloc1.o ABSOLUTE
    ../clib/heapalloc.c                      0x00000000   Number         0  maybetermalloc2.o ABSOLUTE
    ../clib/heapalloc.c                      0x00000000   Number         0  free.o ABSOLUTE
    ../clib/heapalloc.c                      0x00000000   Number         0  malloc.o ABSOLUTE
    ../clib/heapalloc.c                      0x00000000   Number         0  maybetermalloc2.o ABSOLUTE
    ../clib/heapalloc.c                      0x00000000   Number         0  hguard.o ABSOLUTE
    ../clib/heapaux.c                        0x00000000   Number         0  heapauxi.o ABSOLUTE
    ../clib/heapaux.c                        0x00000000   Number         0  heapauxa.o ABSOLUTE
    ../clib/libinit.s                        0x00000000   Number         0  libinit.o ABSOLUTE
    ../clib/libinit.s                        0x00000000   Number         0  libinit2.o ABSOLUTE
    ../clib/libinit.s                        0x00000000   Number         0  libshutdown.o ABSOLUTE
    ../clib/libinit.s                        0x00000000   Number         0  libshutdown2.o ABSOLUTE
    ../clib/memcpset.s                       0x00000000   Number         0  rt_memcpy_w.o ABSOLUTE
    ../clib/memcpset.s                       0x00000000   Number         0  rt_memcpy_v6.o ABSOLUTE
    ../clib/memcpset.s                       0x00000000   Number         0  rt_memclr_w.o ABSOLUTE
    ../clib/misc.s                           0x00000000   Number         0  printf_stubs.o ABSOLUTE
    ../clib/printf.c                         0x00000000   Number         0  __printf_flags_ss_wp.o ABSOLUTE
    ../clib/printf.c                         0x00000000   Number         0  _printf_intcommon.o ABSOLUTE
    ../clib/printf.c                         0x00000000   Number         0  _printf_char_file.o ABSOLUTE
    ../clib/printf.c                         0x00000000   Number         0  __printf_flags_ss.o ABSOLUTE
    ../clib/printf.c                         0x00000000   Number         0  _printf_char_common.o ABSOLUTE
    ../clib/printf.c                         0x00000000   Number         0  _printf_char_file_locked.o ABSOLUTE
    ../clib/printf.c                         0x00000000   Number         0  __printf_nopercent.o ABSOLUTE
    ../clib/printf.c                         0x00000000   Number         0  __2printf.o ABSOLUTE
    ../clib/printf.c                         0x00000000   Number         0  noretval__2printf.o ABSOLUTE
    ../clib/printf.c                         0x00000000   Number         0  __printf.o ABSOLUTE
    ../clib/printf.c                         0x00000000   Number         0  _printf_pad.o ABSOLUTE
    ../clib/printf.c                         0x00000000   Number         0  _printf_dec.o ABSOLUTE
    ../clib/printf.c                         0x00000000   Number         0  _printf_hex_ll.o ABSOLUTE
    ../clib/printf.c                         0x00000000   Number         0  _printf_hex_int.o ABSOLUTE
    ../clib/printf.c                         0x00000000   Number         0  _printf_hex_int_ll.o ABSOLUTE
    ../clib/printf.c                         0x00000000   Number         0  _printf_hex_ptr.o ABSOLUTE
    ../clib/printf.c                         0x00000000   Number         0  _printf_hex_int_ptr.o ABSOLUTE
    ../clib/printf.c                         0x00000000   Number         0  _printf_hex_ll_ptr.o ABSOLUTE
    ../clib/printf.c                         0x00000000   Number         0  _printf_hex_int_ll_ptr.o ABSOLUTE
    ../clib/printf.c                         0x00000000   Number         0  __printf_flags.o ABSOLUTE
    ../clib/printf.c                         0x00000000   Number         0  __printf_ss.o ABSOLUTE
    ../clib/printf.c                         0x00000000   Number         0  __printf_wp.o ABSOLUTE
    ../clib/printf.c                         0x00000000   Number         0  __printf_flags_wp.o ABSOLUTE
    ../clib/printf.c                         0x00000000   Number         0  __printf_ss_wp.o ABSOLUTE
    ../clib/printf_percent.s                 0x00000000   Number         0  _printf_percent_end.o ABSOLUTE
    ../clib/printf_percent.s                 0x00000000   Number         0  _printf_d.o ABSOLUTE
    ../clib/printf_percent.s                 0x00000000   Number         0  _printf_percent.o ABSOLUTE
    ../clib/printf_percent.s                 0x00000000   Number         0  _printf_x.o ABSOLUTE
    ../clib/signal.c                         0x00000000   Number         0  defsig_fpe_inner.o ABSOLUTE
    ../clib/signal.c                         0x00000000   Number         0  __raise.o ABSOLUTE
    ../clib/signal.c                         0x00000000   Number         0  defsig_general.o ABSOLUTE
    ../clib/signal.c                         0x00000000   Number         0  defsig_rtmem_outer.o ABSOLUTE
    ../clib/signal.c                         0x00000000   Number         0  defsig_rtmem_formal.o ABSOLUTE
    ../clib/signal.c                         0x00000000   Number         0  defsig_stak_inner.o ABSOLUTE
    ../clib/signal.c                         0x00000000   Number         0  defsig_cppl_inner.o ABSOLUTE
    ../clib/signal.c                         0x00000000   Number         0  defsig_segv_inner.o ABSOLUTE
    ../clib/signal.c                         0x00000000   Number         0  defsig_other.o ABSOLUTE
    ../clib/signal.c                         0x00000000   Number         0  defsig_exit.o ABSOLUTE
    ../clib/signal.c                         0x00000000   Number         0  defsig_rtmem_inner.o ABSOLUTE
    ../clib/signal.c                         0x00000000   Number         0  defsig_rtred_formal.o ABSOLUTE
    ../clib/signal.c                         0x00000000   Number         0  defsig_rtred_inner.o ABSOLUTE
    ../clib/signal.c                         0x00000000   Number         0  defsig_pvfn_inner.o ABSOLUTE
    ../clib/signal.c                         0x00000000   Number         0  defsig_abrt_inner.o ABSOLUTE
    ../clib/signal.c                         0x00000000   Number         0  defsig_rtred_outer.o ABSOLUTE
    ../clib/signal.s                         0x00000000   Number         0  defsig.o ABSOLUTE
    ../clib/stdio.c                          0x00000000   Number         0  fflush_locked.o ABSOLUTE
    ../clib/stdio.c                          0x00000000   Number         0  fflush.o ABSOLUTE
    ../clib/stdio.c                          0x00000000   Number         0  flsbuf.o ABSOLUTE
    ../clib/stdio.c                          0x00000000   Number         0  setvbuf.o ABSOLUTE
    ../clib/stdio.c                          0x00000000   Number         0  streamlock.o ABSOLUTE
    ../clib/stdio.c                          0x00000000   Number         0  ftell.o ABSOLUTE
    ../clib/stdio.c                          0x00000000   Number         0  stdio_streams.o ABSOLUTE
    ../clib/stdio.c                          0x00000000   Number         0  setvbuf_locked.o ABSOLUTE
    ../clib/stdio.c                          0x00000000   Number         0  fopen_locked.o ABSOLUTE
    ../clib/stdio.c                          0x00000000   Number         0  fputc_locked.o ABSOLUTE
    ../clib/stdio.c                          0x00000000   Number         0  ferror_locked.o ABSOLUTE
    ../clib/stdio.c                          0x00000000   Number         0  initio_locked.o ABSOLUTE
    ../clib/stdio.c                          0x00000000   Number         0  ferror.o ABSOLUTE
    ../clib/stdio.c                          0x00000000   Number         0  fwritefast.o ABSOLUTE
    ../clib/stdio.c                          0x00000000   Number         0  fputs_locked.o ABSOLUTE
    ../clib/stdio.c                          0x00000000   Number         0  fputc.o ABSOLUTE
    ../clib/stdio.c                          0x00000000   Number         0  fclose.o ABSOLUTE
    ../clib/stdio.c                          0x00000000   Number         0  fopen.o ABSOLUTE
    ../clib/stdio.c                          0x00000000   Number         0  initio.o ABSOLUTE
    ../clib/stdio.c                          0x00000000   Number         0  fputs.o ABSOLUTE
    ../clib/stdio.c                          0x00000000   Number         0  fwritefast_locked.o ABSOLUTE
    ../clib/stdio.c                          0x00000000   Number         0  stdio.o ABSOLUTE
    ../clib/stdio.c                          0x00000000   Number         0  fseek.o ABSOLUTE
    ../clib/stdlib.c                         0x00000000   Number         0  exit.o ABSOLUTE
    ../clib/string.c                         0x00000000   Number         0  strlen.o ABSOLUTE
    ../clib/wchar.c                          0x00000000   Number         0  flsbuf_fwide.o ABSOLUTE
    ../fplib/fpinit.s                        0x00000000   Number         0  fpinit.o ABSOLUTE
    RTE\Device\TM4C123GH6PM\startup_TM4C123.s 0x00000000   Number         0  startup_tm4c123.o ABSOLUTE
    RTE\Device\TM4C123GH6PM\system_TM4C123.c 0x00000000   Number         0  system_tm4c123.o ABSOLUTE
    dc.s                                     0x00000000   Number         0  dc.o ABSOLUTE
    main.c                                   0x00000000   Number         0  main.o ABSOLUTE
    $v0                                      0x0000026c   Number         0  startup_tm4c123.o(RESET)
    !!!main                                  0x000002ac   Section        8  __main.o(!!!main)
    !!!scatter                               0x000002b4   Section       52  __scatter.o(!!!scatter)
    !!handler_copy                           0x000002e8   Section       26  __scatter_copy.o(!!handler_copy)
    !!handler_zi                             0x00000304   Section       28  __scatter_zi.o(!!handler_zi)
    .ARM.Collect$$_printf_percent$$00000000  0x00000320   Section        0  _printf_percent.o(.ARM.Collect$$_printf_percent$$00000000)
    .ARM.Collect$$_printf_percent$$00000009  0x00000320   Section        6  _printf_d.o(.ARM.Collect$$_printf_percent$$00000009)
    .ARM.Collect$$_printf_percent$$0000000C  0x00000326   Section        6  _printf_x.o(.ARM.Collect$$_printf_percent$$0000000C)
    .ARM.Collect$$_printf_percent$$00000017  0x0000032c   Section        4  _printf_percent_end.o(.ARM.Collect$$_printf_percent$$00000017)
    .ARM.Collect$$libinit$$00000000          0x00000330   Section        2  libinit.o(.ARM.Collect$$libinit$$00000000)
    .ARM.Collect$$libinit$$00000001          0x00000332   Section        4  libinit2.o(.ARM.Collect$$libinit$$00000001)
    .ARM.Collect$$libinit$$00000004          0x00000336   Section        0  libinit2.o(.ARM.Collect$$libinit$$00000004)
    .ARM.Collect$$libinit$$00000005          0x00000336   Section        8  libinit2.o(.ARM.Collect$$libinit$$00000005)
    .ARM.Collect$$libinit$$0000000A          0x0000033e   Section        0  libinit2.o(.ARM.Collect$$libinit$$0000000A)
    .ARM.Collect$$libinit$$0000000C          0x0000033e   Section        0  libinit2.o(.ARM.Collect$$libinit$$0000000C)
    .ARM.Collect$$libinit$$0000000E          0x0000033e   Section        0  libinit2.o(.ARM.Collect$$libinit$$0000000E)
    .ARM.Collect$$libinit$$00000011          0x0000033e   Section        0  libinit2.o(.ARM.Collect$$libinit$$00000011)
    .ARM.Collect$$libinit$$00000013          0x0000033e   Section        0  libinit2.o(.ARM.Collect$$libinit$$00000013)
    .ARM.Collect$$libinit$$00000015          0x0000033e   Section        0  libinit2.o(.ARM.Collect$$libinit$$00000015)
    .ARM.Collect$$libinit$$00000017          0x0000033e   Section        0  libinit2.o(.ARM.Collect$$libinit$$00000017)
    .ARM.Collect$$libinit$$00000019          0x0000033e   Section        0  libinit2.o(.ARM.Collect$$libinit$$00000019)
    .ARM.Collect$$libinit$$0000001B          0x0000033e   Section        0  libinit2.o(.ARM.Collect$$libinit$$0000001B)
    .ARM.Collect$$libinit$$0000001D          0x0000033e   Section        0  libinit2.o(.ARM.Collect$$libinit$$0000001D)
    .ARM.Collect$$libinit$$0000001F          0x0000033e   Section        0  libinit2.o(.ARM.Collect$$libinit$$0000001F)
    .ARM.Collect$$libinit$$00000021          0x0000033e   Section        0  libinit2.o(.ARM.Collect$$libinit$$00000021)
    .ARM.Collect$$libinit$$00000023          0x0000033e   Section        0  libinit2.o(.ARM.Collect$$libinit$$00000023)
    .ARM.Collect$$libinit$$00000024          0x0000033e   Section        4  libinit2.o(.ARM.Collect$$libinit$$00000024)
    .ARM.Collect$$libinit$$00000025          0x00000342   Section        0  libinit2.o(.ARM.Collect$$libinit$$00000025)
    .ARM.Collect$$libinit$$0000002C          0x00000342   Section        0  libinit2.o(.ARM.Collect$$libinit$$0000002C)
    .ARM.Collect$$libinit$$0000002E          0x00000342   Section        0  libinit2.o(.ARM.Collect$$libinit$$0000002E)
    .ARM.Collect$$libinit$$00000030          0x00000342   Section        0  libinit2.o(.ARM.Collect$$libinit$$00000030)
    .ARM.Collect$$libinit$$00000032          0x00000342   Section        0  libinit2.o(.ARM.Collect$$libinit$$00000032)
    .ARM.Collect$$libinit$$00000033          0x00000342   Section        2  libinit2.o(.ARM.Collect$$libinit$$00000033)
    .ARM.Collect$$libshutdown$$00000000      0x00000344   Section        2  libshutdown.o(.ARM.Collect$$libshutdown$$00000000)
    .ARM.Collect$$libshutdown$$00000002      0x00000346   Section        4  libshutdown2.o(.ARM.Collect$$libshutdown$$00000002)
    .ARM.Collect$$libshutdown$$00000003      0x0000034a   Section        0  libshutdown2.o(.ARM.Collect$$libshutdown$$00000003)
    .ARM.Collect$$libshutdown$$00000006      0x0000034a   Section        0  libshutdown2.o(.ARM.Collect$$libshutdown$$00000006)
    .ARM.Collect$$libshutdown$$00000009      0x0000034a   Section        0  libshutdown2.o(.ARM.Collect$$libshutdown$$00000009)
    .ARM.Collect$$libshutdown$$0000000B      0x0000034a   Section        0  libshutdown2.o(.ARM.Collect$$libshutdown$$0000000B)
    .ARM.Collect$$libshutdown$$0000000E      0x0000034a   Section        0  libshutdown2.o(.ARM.Collect$$libshutdown$$0000000E)
    .ARM.Collect$$libshutdown$$0000000F      0x0000034a   Section        2  libshutdown2.o(.ARM.Collect$$libshutdown$$0000000F)
    .ARM.Collect$$rtentry$$00000000          0x0000034c   Section        0  __rtentry.o(.ARM.Collect$$rtentry$$00000000)
    .ARM.Collect$$rtentry$$00000002          0x0000034c   Section        0  __rtentry2.o(.ARM.Collect$$rtentry$$00000002)
    .ARM.Collect$$rtentry$$00000004          0x0000034c   Section        6  __rtentry4.o(.ARM.Collect$$rtentry$$00000004)
    .ARM.Collect$$rtentry$$00000009          0x00000352   Section        0  __rtentry2.o(.ARM.Collect$$rtentry$$00000009)
    .ARM.Collect$$rtentry$$0000000A          0x00000352   Section        4  __rtentry2.o(.ARM.Collect$$rtentry$$0000000A)
    .ARM.Collect$$rtentry$$0000000C          0x00000356   Section        0  __rtentry2.o(.ARM.Collect$$rtentry$$0000000C)
    .ARM.Collect$$rtentry$$0000000D          0x00000356   Section        8  __rtentry2.o(.ARM.Collect$$rtentry$$0000000D)
    .ARM.Collect$$rtexit$$00000000           0x0000035e   Section        2  rtexit.o(.ARM.Collect$$rtexit$$00000000)
    .ARM.Collect$$rtexit$$00000002           0x00000360   Section        0  rtexit2.o(.ARM.Collect$$rtexit$$00000002)
    .ARM.Collect$$rtexit$$00000003           0x00000360   Section        4  rtexit2.o(.ARM.Collect$$rtexit$$00000003)
    .ARM.Collect$$rtexit$$00000004           0x00000364   Section        6  rtexit2.o(.ARM.Collect$$rtexit$$00000004)
    .emb_text                                0x0000036c   Section        0  maybetermalloc1.o(.emb_text)
    .text                                    0x0000036c   Section        0  main.o(.text)
    .text                                    0x00000aac   Section        0  noretval__2printf.o(.text)
    .text                                    0x00000ac4   Section        0  _printf_pad.o(.text)
    .text                                    0x00000b14   Section        0  _printf_dec.o(.text)
    .text                                    0x00000b8c   Section        0  _printf_hex_int.o(.text)
    .text                                    0x00000be4   Section        0  __printf_flags_wp.o(.text)
    .text                                    0x00000d1c   Section        0  heapauxi.o(.text)
    .text                                    0x00000d22   Section        0  _printf_intcommon.o(.text)
    .text                                    0x00000dd4   Section        0  _printf_char_file.o(.text)
    .text                                    0x00000df8   Section        0  _printf_char_common.o(.text)
    _printf_input_char                       0x00000df9   Thumb Code    10  _printf_char_common.o(.text)
    .text                                    0x00000e28   Section        0  ferror.o(.text)
    .text                                    0x00000e30   Section        0  initio.o(.text)
    .text                                    0x00000f68   Section        0  sys_io.o(.text)
    .text                                    0x00000fce   Section       74  sys_stackheap_outer.o(.text)
    .text                                    0x00001018   Section        0  h1_free.o(.text)
    .text                                    0x00001066   Section        0  flsbuf.o(.text)
    .text                                    0x0000123c   Section        0  setvbuf.o(.text)
    .text                                    0x00001284   Section        0  fopen.o(.text)
    _freopen_locked                          0x00001285   Thumb Code     0  fopen.o(.text)
    .text                                    0x00001370   Section        0  fclose.o(.text)
    .text                                    0x000013bc   Section        0  exit.o(.text)
    .text                                    0x000013c8   Section        0  defsig_rtred_outer.o(.text)
    .text                                    0x000013d6   Section       78  rt_memclr_w.o(.text)
    .text                                    0x00001424   Section        8  libspace.o(.text)
    .text                                    0x0000142c   Section        2  use_no_semi.o(.text)
    .text                                    0x0000142e   Section        0  indicate_semi.o(.text)
    .text                                    0x00001430   Section        8  rt_heap_descriptor_intlibspace.o(.text)
    .text                                    0x00001438   Section        0  hguard.o(.text)
    .text                                    0x0000143c   Section        0  init_alloc.o(.text)
    .text                                    0x000014c6   Section        0  h1_alloc.o(.text)
    .text                                    0x00001524   Section        0  fseek.o(.text)
    .text                                    0x0000161c   Section        0  stdio.o(.text)
    .text                                    0x0000170c   Section        0  defsig_exit.o(.text)
    .text                                    0x00001718   Section        0  defsig_rtred_inner.o(.text)
    .text                                    0x0000174c   Section        0  strlen.o(.text)
    .text                                    0x0000178c   Section        0  sys_exit.o(.text)
    .text                                    0x00001798   Section        0  h1_init.o(.text)
    .text                                    0x000017a6   Section        0  h1_extend.o(.text)
    .text                                    0x000017da   Section        0  ftell.o(.text)
    .text                                    0x0000181c   Section        0  defsig_general.o(.text)
    .text                                    0x0000184e   Section        0  defsig_rtmem_outer.o(.text)
    .text                                    0x0000185c   Section        0  sys_wrch.o(.text)
    .text                                    0x0000186c   Section        8  rt_errno_addr_intlibspace.o(.text)
    .text                                    0x00001874   Section        0  defsig_rtmem_inner.o(.text)
    i._is_digit                              0x000018c4   Section        0  __printf_wp.o(i._is_digit)
    i.fputc                                  0x000018d2   Section        0  fputc.o(i.fputc)
    x$fpl$fpinit                             0x000018ec   Section       10  fpinit.o(x$fpl$fpinit)
    $v0                                      0x000018ec   Number         0  fpinit.o(x$fpl$fpinit)
    .constdata                               0x000018f6   Section      840  main.o(.constdata)
    .constdata                               0x00001c3e   Section       40  _printf_hex_int.o(.constdata)
    uc_hextab                                0x00001c3e   Data          20  _printf_hex_int.o(.constdata)
    lc_hextab                                0x00001c52   Data          20  _printf_hex_int.o(.constdata)
    .constdata                               0x00001c66   Section       17  __printf_flags_wp.o(.constdata)
    maptable                                 0x00001c66   Data          17  __printf_flags_wp.o(.constdata)
    .constdata                               0x00001c77   Section        4  sys_io.o(.constdata)
    .constdata                               0x00001c7b   Section        4  sys_io.o(.constdata)
    .constdata                               0x00001c7f   Section        4  sys_io.o(.constdata)
    .data                                    0x20000000   Section        4  stdio_streams.o(.data)
    .data                                    0x20000004   Section        4  stdio_streams.o(.data)
    .data                                    0x20000008   Section        4  stdio_streams.o(.data)
    .bss                                     0x2000000c   Section       84  stdio_streams.o(.bss)
    .bss                                     0x20000060   Section       84  stdio_streams.o(.bss)
    .bss                                     0x200000b4   Section       84  stdio_streams.o(.bss)
    .bss                                     0x20000108   Section       96  libspace.o(.bss)
    HEAP                                     0x20000168   Section        0  startup_tm4c123.o(HEAP)
    STACK                                    0x20000168   Section     1024  startup_tm4c123.o(STACK)
    HeapMem                                  0x20000168   Data           0  startup_tm4c123.o(HEAP)
    StackMem                                 0x20000168   Data           0  startup_tm4c123.o(STACK)

    Global Symbols

    Symbol Name                              Value     Ov Type        Size  Object(Section)

    BuildAttributes$$THM_ISAv4$E$P$D$K$B$S$7EM$VFPi3$EXTD16$VFPS$VFMA$PE$A:L22UL41UL21$X:L11$S22US41US21$IEEE1$IW$USESV6$~STKCKD$USESV7$~SHL$OTIME$ROPI$EBA8$UX$STANDARDLIB$REQ8$PRES8$EABIv2 0x00000000   Number         0  anon$$obj.o ABSOLUTE
    __ARM_use_no_argv                        0x00000000   Number         0  main.o ABSOLUTE
    __Vectors                                0x00000000   Data           0  startup_tm4c123.o(RESET)
    _printf_flags                            0x00000000   Number         0  printf_stubs.o ABSOLUTE
    _printf_return_value                     0x00000000   Number         0  printf_stubs.o ABSOLUTE
    _printf_sizespec                         0x00000000   Number         0  printf_stubs.o ABSOLUTE
    _printf_widthprec                        0x00000000   Number         0  printf_stubs.o ABSOLUTE
    __ARM_exceptions_init                     - Undefined Weak Reference
    __alloca_initialize                       - Undefined Weak Reference
    __arm_preinit_                            - Undefined Weak Reference
    __cpp_initialize__aeabi_                  - Undefined Weak Reference
    __cxa_finalize                            - Undefined Weak Reference
    __rt_locale                               - Undefined Weak Reference
    __sigvec_lookup                           - Undefined Weak Reference
    __user_heap_extent                        - Undefined Weak Reference
    _atexit_init                              - Undefined Weak Reference
    _call_atexit_fns                          - Undefined Weak Reference
    _clock_init                               - Undefined Weak Reference
    _fp_trap_init                             - Undefined Weak Reference
    _fp_trap_shutdown                         - Undefined Weak Reference
    _get_lc_collate                           - Undefined Weak Reference
    _get_lc_ctype                             - Undefined Weak Reference
    _get_lc_monetary                          - Undefined Weak Reference
    _get_lc_numeric                           - Undefined Weak Reference
    _get_lc_time                              - Undefined Weak Reference
    _getenv_init                              - Undefined Weak Reference
    _handle_redirection                       - Undefined Weak Reference
    _mutex_acquire                            - Undefined Weak Reference
    _mutex_free                               - Undefined Weak Reference
    _mutex_release                            - Undefined Weak Reference
    _printf_truncate_signed                   - Undefined Weak Reference
    _printf_truncate_unsigned                 - Undefined Weak Reference
    _rand_init                                - Undefined Weak Reference
    _signal_finish                            - Undefined Weak Reference
    _signal_init                              - Undefined Weak Reference
    Reset_Handler                            0x0000026d   Thumb Code     0  startup_tm4c123.o(RESET)
    NMI_Handler                              0x00000281   Thumb Code     2  startup_tm4c123.o(RESET)
    HardFault_Handler                        0x00000283   Thumb Code     2  startup_tm4c123.o(RESET)
    MemManage_Handler                        0x00000285   Thumb Code     2  startup_tm4c123.o(RESET)
    BusFault_Handler                         0x00000287   Thumb Code     2  startup_tm4c123.o(RESET)
    UsageFault_Handler                       0x00000289   Thumb Code     2  startup_tm4c123.o(RESET)
    SVC_Handler                              0x0000028b   Thumb Code     2  startup_tm4c123.o(RESET)
    DebugMon_Handler                         0x0000028d   Thumb Code     2  startup_tm4c123.o(RESET)
    PendSV_Handler                           0x0000028f   Thumb Code     2  startup_tm4c123.o(RESET)
    SysTick_Handler                          0x00000291   Thumb Code     2  startup_tm4c123.o(RESET)
    ADC0Seq0_Handler                         0x00000293   Thumb Code     0  startup_tm4c123.o(RESET)
    ADC0Seq1_Handler                         0x00000293   Thumb Code     0  startup_tm4c123.o(RESET)
    ADC0Seq2_Handler                         0x00000293   Thumb Code     0  startup_tm4c123.o(RESET)
    ADC0Seq3_Handler                         0x00000293   Thumb Code     0  startup_tm4c123.o(RESET)
    ADC1Seq0_Handler                         0x00000293   Thumb Code     0  startup_tm4c123.o(RESET)
    ADC1Seq1_Handler                         0x00000293   Thumb Code     0  startup_tm4c123.o(RESET)
    ADC1Seq2_Handler                         0x00000293   Thumb Code     0  startup_tm4c123.o(RESET)
    ADC1Seq3_Handler                         0x00000293   Thumb Code     0  startup_tm4c123.o(RESET)
    CAN0_Handler                             0x00000293   Thumb Code     0  startup_tm4c123.o(RESET)
    CAN1_Handler                             0x00000293   Thumb Code     0  startup_tm4c123.o(RESET)
    CAN2_Handler                             0x00000293   Thumb Code     0  startup_tm4c123.o(RESET)
    Comp0_Handler                            0x00000293   Thumb Code     0  startup_tm4c123.o(RESET)
    Comp1_Handler                            0x00000293   Thumb Code     0  startup_tm4c123.o(RESET)
    Comp2_Handler                            0x00000293   Thumb Code     0  startup_tm4c123.o(RESET)
    Ethernet_Handler                         0x00000293   Thumb Code     0  startup_tm4c123.o(RESET)
    ExtBus_Handler                           0x00000293   Thumb Code     0  startup_tm4c123.o(RESET)
    FPU_Handler                              0x00000293   Thumb Code     0  startup_tm4c123.o(RESET)
    Fan0_Handler                             0x00000293   Thumb Code     0  startup_tm4c123.o(RESET)
    FlashCtl_Handler                         0x00000293   Thumb Code     0  startup_tm4c123.o(RESET)
    GPIOPortA_Handler                        0x00000293   Thumb Code     0  startup_tm4c123.o(RESET)
    GPIOPortB_Handler                        0x00000293   Thumb Code     0  startup_tm4c123.o(RESET)
    GPIOPortC_Handler                        0x00000293   Thumb Code     0  startup_tm4c123.o(RESET)
    GPIOPortD_Handler                        0x00000293   Thumb Code     0  startup_tm4c123.o(RESET)
    GPIOPortE_Handler                        0x00000293   Thumb Code     0  startup_tm4c123.o(RESET)
    GPIOPortF_Handler                        0x00000293   Thumb Code     0  startup_tm4c123.o(RESET)
    GPIOPortG_Handler                        0x00000293   Thumb Code     0  startup_tm4c123.o(RESET)
    GPIOPortH_Handler                        0x00000293   Thumb Code     0  startup_tm4c123.o(RESET)
    GPIOPortJ_Handler                        0x00000293   Thumb Code     0  startup_tm4c123.o(RESET)
    GPIOPortK_Handler                        0x00000293   Thumb Code     0  startup_tm4c123.o(RESET)
    GPIOPortL_Handler                        0x00000293   Thumb Code     0  startup_tm4c123.o(RESET)
    GPIOPortM_Handler                        0x00000293   Thumb Code     0  startup_tm4c123.o(RESET)
    GPIOPortN_Handler                        0x00000293   Thumb Code     0  startup_tm4c123.o(RESET)
    GPIOPortP1_Handler                       0x00000293   Thumb Code     0  startup_tm4c123.o(RESET)
    GPIOPortP2_Handler                       0x00000293   Thumb Code     0  startup_tm4c123.o(RESET)
    GPIOPortP3_Handler                       0x00000293   Thumb Code     0  startup_tm4c123.o(RESET)
    GPIOPortP4_Handler                       0x00000293   Thumb Code     0  startup_tm4c123.o(RESET)
    GPIOPortP5_Handler                       0x00000293   Thumb Code     0  startup_tm4c123.o(RESET)
    GPIOPortP6_Handler                       0x00000293   Thumb Code     0  startup_tm4c123.o(RESET)
    GPIOPortP7_Handler                       0x00000293   Thumb Code     0  startup_tm4c123.o(RESET)
    GPIOPortP_Handler                        0x00000293   Thumb Code     0  startup_tm4c123.o(RESET)
    GPIOPortQ1_Handler                       0x00000293   Thumb Code     0  startup_tm4c123.o(RESET)
    GPIOPortQ2_Handler                       0x00000293   Thumb Code     0  startup_tm4c123.o(RESET)
    GPIOPortQ3_Handler                       0x00000293   Thumb Code     0  startup_tm4c123.o(RESET)
    GPIOPortQ4_Handler                       0x00000293   Thumb Code     0  startup_tm4c123.o(RESET)
    GPIOPortQ5_Handler                       0x00000293   Thumb Code     0  startup_tm4c123.o(RESET)
    GPIOPortQ6_Handler                       0x00000293   Thumb Code     0  startup_tm4c123.o(RESET)
    GPIOPortQ7_Handler                       0x00000293   Thumb Code     0  startup_tm4c123.o(RESET)
    GPIOPortQ_Handler                        0x00000293   Thumb Code     0  startup_tm4c123.o(RESET)
    GPIOPortR_Handler                        0x00000293   Thumb Code     0  startup_tm4c123.o(RESET)
    GPIOPortS_Handler                        0x00000293   Thumb Code     0  startup_tm4c123.o(RESET)
    Hibernate_Handler                        0x00000293   Thumb Code     0  startup_tm4c123.o(RESET)
    I2C0_Handler                             0x00000293   Thumb Code     0  startup_tm4c123.o(RESET)
    I2C1_Handler                             0x00000293   Thumb Code     0  startup_tm4c123.o(RESET)
    I2C2_Handler                             0x00000293   Thumb Code     0  startup_tm4c123.o(RESET)
    I2C3_Handler                             0x00000293   Thumb Code     0  startup_tm4c123.o(RESET)
    I2C4_Handler                             0x00000293   Thumb Code     0  startup_tm4c123.o(RESET)
    I2C5_Handler                             0x00000293   Thumb Code     0  startup_tm4c123.o(RESET)
    I2S0_Handler                             0x00000293   Thumb Code     0  startup_tm4c123.o(RESET)
    LPC0_Handler                             0x00000293   Thumb Code     0  startup_tm4c123.o(RESET)
    PECI0_Handler                            0x00000293   Thumb Code     0  startup_tm4c123.o(RESET)
    PWM0Fault_Handler                        0x00000293   Thumb Code     0  startup_tm4c123.o(RESET)
    PWM0Generator0_Handler                   0x00000293   Thumb Code     0  startup_tm4c123.o(RESET)
    PWM0Generator1_Handler                   0x00000293   Thumb Code     0  startup_tm4c123.o(RESET)
    PWM0Generator2_Handler                   0x00000293   Thumb Code     0  startup_tm4c123.o(RESET)
    PWM0Generator3_Handler                   0x00000293   Thumb Code     0  startup_tm4c123.o(RESET)
    PWM1Fault_Handler                        0x00000293   Thumb Code     0  startup_tm4c123.o(RESET)
    PWM1Generator0_Handler                   0x00000293   Thumb Code     0  startup_tm4c123.o(RESET)
    PWM1Generator1_Handler                   0x00000293   Thumb Code     0  startup_tm4c123.o(RESET)
    PWM1Generator2_Handler                   0x00000293   Thumb Code     0  startup_tm4c123.o(RESET)
    PWM1Generator3_Handler                   0x00000293   Thumb Code     0  startup_tm4c123.o(RESET)
    Quadrature0_Handler                      0x00000293   Thumb Code     0  startup_tm4c123.o(RESET)
    Quadrature1_Handler                      0x00000293   Thumb Code     0  startup_tm4c123.o(RESET)
    Quadrature2_Handler                      0x00000293   Thumb Code     0  startup_tm4c123.o(RESET)
    SSI0_Handler                             0x00000293   Thumb Code     0  startup_tm4c123.o(RESET)
    SSI1_Handler                             0x00000293   Thumb Code     0  startup_tm4c123.o(RESET)
    SSI2_Handler                             0x00000293   Thumb Code     0  startup_tm4c123.o(RESET)
    SSI3_Handler                             0x00000293   Thumb Code     0  startup_tm4c123.o(RESET)
    SysCtl_Handler                           0x00000293   Thumb Code     0  startup_tm4c123.o(RESET)
    Timer0A_Handler                          0x00000293   Thumb Code     0  startup_tm4c123.o(RESET)
    Timer0B_Handler                          0x00000293   Thumb Code     0  startup_tm4c123.o(RESET)
    Timer1A_Handler                          0x00000293   Thumb Code     0  startup_tm4c123.o(RESET)
    Timer1B_Handler                          0x00000293   Thumb Code     0  startup_tm4c123.o(RESET)
    Timer2A_Handler                          0x00000293   Thumb Code     0  startup_tm4c123.o(RESET)
    Timer2B_Handler                          0x00000293   Thumb Code     0  startup_tm4c123.o(RESET)
    Timer3A_Handler                          0x00000293   Thumb Code     0  startup_tm4c123.o(RESET)
    Timer3B_Handler                          0x00000293   Thumb Code     0  startup_tm4c123.o(RESET)
    Timer4A_Handler                          0x00000293   Thumb Code     0  startup_tm4c123.o(RESET)
    Timer4B_Handler                          0x00000293   Thumb Code     0  startup_tm4c123.o(RESET)
    Timer5A_Handler                          0x00000293   Thumb Code     0  startup_tm4c123.o(RESET)
    Timer5B_Handler                          0x00000293   Thumb Code     0  startup_tm4c123.o(RESET)
    UART0_Handler                            0x00000293   Thumb Code     0  startup_tm4c123.o(RESET)
    UART1_Handler                            0x00000293   Thumb Code     0  startup_tm4c123.o(RESET)
    UART2_Handler                            0x00000293   Thumb Code     0  startup_tm4c123.o(RESET)
    UART3_Handler                            0x00000293   Thumb Code     0  startup_tm4c123.o(RESET)
    UART4_Handler                            0x00000293   Thumb Code     0  startup_tm4c123.o(RESET)
    UART5_Handler                            0x00000293   Thumb Code     0  startup_tm4c123.o(RESET)
    UART6_Handler                            0x00000293   Thumb Code     0  startup_tm4c123.o(RESET)
    UART7_Handler                            0x00000293   Thumb Code     0  startup_tm4c123.o(RESET)
    USB0_Handler                             0x00000293   Thumb Code     0  startup_tm4c123.o(RESET)
    WDT_Handler                              0x00000293   Thumb Code     0  startup_tm4c123.o(RESET)
    WideTimer0A_Handler                      0x00000293   Thumb Code     0  startup_tm4c123.o(RESET)
    WideTimer0B_Handler                      0x00000293   Thumb Code     0  startup_tm4c123.o(RESET)
    WideTimer1A_Handler                      0x00000293   Thumb Code     0  startup_tm4c123.o(RESET)
    WideTimer1B_Handler                      0x00000293   Thumb Code     0  startup_tm4c123.o(RESET)
    WideTimer2A_Handler                      0x00000293   Thumb Code     0  startup_tm4c123.o(RESET)
    WideTimer2B_Handler                      0x00000293   Thumb Code     0  startup_tm4c123.o(RESET)
    WideTimer3A_Handler                      0x00000293   Thumb Code     0  startup_tm4c123.o(RESET)
    WideTimer3B_Handler                      0x00000293   Thumb Code     0  startup_tm4c123.o(RESET)
    WideTimer4A_Handler                      0x00000293   Thumb Code     0  startup_tm4c123.o(RESET)
    WideTimer4B_Handler                      0x00000293   Thumb Code     0  startup_tm4c123.o(RESET)
    WideTimer5A_Handler                      0x00000293   Thumb Code     0  startup_tm4c123.o(RESET)
    WideTimer5B_Handler                      0x00000293   Thumb Code     0  startup_tm4c123.o(RESET)
    uDMA_Error                               0x00000293   Thumb Code     0  startup_tm4c123.o(RESET)
    uDMA_Handler                             0x00000293   Thumb Code     0  startup_tm4c123.o(RESET)
    __user_initial_stackheap                 0x00000295   Thumb Code     0  startup_tm4c123.o(RESET)
    __main                                   0x000002ad   Thumb Code     8  __main.o(!!!main)
    __scatterload                            0x000002b5   Thumb Code     0  __scatter.o(!!!scatter)
    __scatterload_rt2                        0x000002b5   Thumb Code    44  __scatter.o(!!!scatter)
    __scatterload_rt2_thumb_only             0x000002b5   Thumb Code     0  __scatter.o(!!!scatter)
    __scatterload_null                       0x000002c3   Thumb Code     0  __scatter.o(!!!scatter)
    __scatterload_copy                       0x000002e9   Thumb Code    26  __scatter_copy.o(!!handler_copy)
    __scatterload_zeroinit                   0x00000305   Thumb Code    28  __scatter_zi.o(!!handler_zi)
    _printf_d                                0x00000321   Thumb Code     0  _printf_d.o(.ARM.Collect$$_printf_percent$$00000009)
    _printf_percent                          0x00000321   Thumb Code     0  _printf_percent.o(.ARM.Collect$$_printf_percent$$00000000)
    _printf_x                                0x00000327   Thumb Code     0  _printf_x.o(.ARM.Collect$$_printf_percent$$0000000C)
    _printf_percent_end                      0x0000032d   Thumb Code     0  _printf_percent_end.o(.ARM.Collect$$_printf_percent$$00000017)
    __rt_lib_init                            0x00000331   Thumb Code     0  libinit.o(.ARM.Collect$$libinit$$00000000)
    __rt_lib_init_fp_1                       0x00000333   Thumb Code     0  libinit2.o(.ARM.Collect$$libinit$$00000001)
    __rt_lib_init_heap_2                     0x00000337   Thumb Code     0  libinit2.o(.ARM.Collect$$libinit$$00000005)
    __rt_lib_init_preinit_1                  0x00000337   Thumb Code     0  libinit2.o(.ARM.Collect$$libinit$$00000004)
    __rt_lib_init_atexit_1                   0x0000033f   Thumb Code     0  libinit2.o(.ARM.Collect$$libinit$$0000001B)
    __rt_lib_init_clock_1                    0x0000033f   Thumb Code     0  libinit2.o(.ARM.Collect$$libinit$$00000021)
    __rt_lib_init_fp_trap_1                  0x0000033f   Thumb Code     0  libinit2.o(.ARM.Collect$$libinit$$0000001F)
    __rt_lib_init_getenv_1                   0x0000033f   Thumb Code     0  libinit2.o(.ARM.Collect$$libinit$$00000023)
    __rt_lib_init_heap_1                     0x0000033f   Thumb Code     0  libinit2.o(.ARM.Collect$$libinit$$0000000A)
    __rt_lib_init_lc_collate_1               0x0000033f   Thumb Code     0  libinit2.o(.ARM.Collect$$libinit$$00000011)
    __rt_lib_init_lc_ctype_1                 0x0000033f   Thumb Code     0  libinit2.o(.ARM.Collect$$libinit$$00000013)
    __rt_lib_init_lc_monetary_1              0x0000033f   Thumb Code     0  libinit2.o(.ARM.Collect$$libinit$$00000015)
    __rt_lib_init_lc_numeric_1               0x0000033f   Thumb Code     0  libinit2.o(.ARM.Collect$$libinit$$00000017)
    __rt_lib_init_lc_time_1                  0x0000033f   Thumb Code     0  libinit2.o(.ARM.Collect$$libinit$$00000019)
    __rt_lib_init_rand_1                     0x0000033f   Thumb Code     0  libinit2.o(.ARM.Collect$$libinit$$0000000E)
    __rt_lib_init_signal_1                   0x0000033f   Thumb Code     0  libinit2.o(.ARM.Collect$$libinit$$0000001D)
    __rt_lib_init_stdio_2                    0x0000033f   Thumb Code     0  libinit2.o(.ARM.Collect$$libinit$$00000024)
    __rt_lib_init_user_alloc_1               0x0000033f   Thumb Code     0  libinit2.o(.ARM.Collect$$libinit$$0000000C)
    __rt_lib_init_alloca_1                   0x00000343   Thumb Code     0  libinit2.o(.ARM.Collect$$libinit$$0000002E)
    __rt_lib_init_argv_1                     0x00000343   Thumb Code     0  libinit2.o(.ARM.Collect$$libinit$$0000002C)
    __rt_lib_init_cpp_1                      0x00000343   Thumb Code     0  libinit2.o(.ARM.Collect$$libinit$$00000032)
    __rt_lib_init_exceptions_1               0x00000343   Thumb Code     0  libinit2.o(.ARM.Collect$$libinit$$00000030)
    __rt_lib_init_return                     0x00000343   Thumb Code     0  libinit2.o(.ARM.Collect$$libinit$$00000033)
    __rt_lib_init_stdio_1                    0x00000343   Thumb Code     0  libinit2.o(.ARM.Collect$$libinit$$00000025)
    __rt_lib_shutdown                        0x00000345   Thumb Code     0  libshutdown.o(.ARM.Collect$$libshutdown$$00000000)
    __rt_lib_shutdown_stdio_2                0x00000347   Thumb Code     0  libshutdown2.o(.ARM.Collect$$libshutdown$$00000002)
    __rt_lib_shutdown_fp_trap_1              0x0000034b   Thumb Code     0  libshutdown2.o(.ARM.Collect$$libshutdown$$00000006)
    __rt_lib_shutdown_heap_1                 0x0000034b   Thumb Code     0  libshutdown2.o(.ARM.Collect$$libshutdown$$0000000E)
    __rt_lib_shutdown_return                 0x0000034b   Thumb Code     0  libshutdown2.o(.ARM.Collect$$libshutdown$$0000000F)
    __rt_lib_shutdown_signal_1               0x0000034b   Thumb Code     0  libshutdown2.o(.ARM.Collect$$libshutdown$$00000009)
    __rt_lib_shutdown_stdio_1                0x0000034b   Thumb Code     0  libshutdown2.o(.ARM.Collect$$libshutdown$$00000003)
    __rt_lib_shutdown_user_alloc_1           0x0000034b   Thumb Code     0  libshutdown2.o(.ARM.Collect$$libshutdown$$0000000B)
    __rt_entry                               0x0000034d   Thumb Code     0  __rtentry.o(.ARM.Collect$$rtentry$$00000000)
    __rt_entry_presh_1                       0x0000034d   Thumb Code     0  __rtentry2.o(.ARM.Collect$$rtentry$$00000002)
    __rt_entry_sh                            0x0000034d   Thumb Code     0  __rtentry4.o(.ARM.Collect$$rtentry$$00000004)
    __rt_entry_li                            0x00000353   Thumb Code     0  __rtentry2.o(.ARM.Collect$$rtentry$$0000000A)
    __rt_entry_postsh_1                      0x00000353   Thumb Code     0  __rtentry2.o(.ARM.Collect$$rtentry$$00000009)
    __rt_entry_main                          0x00000357   Thumb Code     0  __rtentry2.o(.ARM.Collect$$rtentry$$0000000D)
    __rt_entry_postli_1                      0x00000357   Thumb Code     0  __rtentry2.o(.ARM.Collect$$rtentry$$0000000C)
    __rt_exit                                0x0000035f   Thumb Code     0  rtexit.o(.ARM.Collect$$rtexit$$00000000)
    __rt_exit_ls                             0x00000361   Thumb Code     0  rtexit2.o(.ARM.Collect$$rtexit$$00000003)
    __rt_exit_prels_1                        0x00000361   Thumb Code     0  rtexit2.o(.ARM.Collect$$rtexit$$00000002)
    __rt_exit_exit                           0x00000365   Thumb Code     0  rtexit2.o(.ARM.Collect$$rtexit$$00000004)
    _maybe_terminate_alloc                   0x0000036d   Thumb Code     0  maybetermalloc1.o(.emb_text)
    copy_bit                                 0x0000036d   Thumb Code   146  main.o(.text)
    fFunction                                0x000003ff   Thumb Code   484  main.o(.text)
    desRound                                 0x000005e3   Thumb Code    98  main.o(.text)
    combine_CD                               0x00000645   Thumb Code    62  main.o(.text)
    circular_shift_array                     0x00000683   Thumb Code   186  main.o(.text)
    generate_subkeys                         0x0000073d   Thumb Code   322  main.o(.text)
    encrypt                                  0x0000087f   Thumb Code   350  main.o(.text)
    main                                     0x000009dd   Thumb Code    84  main.o(.text)
    __2printf                                0x00000aad   Thumb Code    20  noretval__2printf.o(.text)
    _printf_pre_padding                      0x00000ac5   Thumb Code    44  _printf_pad.o(.text)
    _printf_post_padding                     0x00000af1   Thumb Code    34  _printf_pad.o(.text)
    _printf_int_dec                          0x00000b15   Thumb Code   104  _printf_dec.o(.text)
    _printf_int_hex                          0x00000b8d   Thumb Code    84  _printf_hex_int.o(.text)
    _printf_longlong_hex                     0x00000b8d   Thumb Code     0  _printf_hex_int.o(.text)
    __printf                                 0x00000be5   Thumb Code   308  __printf_flags_wp.o(.text)
    __use_two_region_memory                  0x00000d1d   Thumb Code     2  heapauxi.o(.text)
    __rt_heap_escrow                         0x00000d1f   Thumb Code     2  heapauxi.o(.text)
    __rt_heap_expand                         0x00000d21   Thumb Code     2  heapauxi.o(.text)
    _printf_int_common                       0x00000d23   Thumb Code   178  _printf_intcommon.o(.text)
    _printf_char_file                        0x00000dd5   Thumb Code    32  _printf_char_file.o(.text)
    _printf_char_common                      0x00000e03   Thumb Code    32  _printf_char_common.o(.text)
    ferror                                   0x00000e29   Thumb Code     8  ferror.o(.text)
    _initio                                  0x00000e31   Thumb Code   210  initio.o(.text)
    _terminateio                             0x00000f03   Thumb Code    56  initio.o(.text)
    _sys_open                                0x00000f69   Thumb Code    20  sys_io.o(.text)
    _sys_close                               0x00000f7d   Thumb Code    12  sys_io.o(.text)
    _sys_write                               0x00000f89   Thumb Code    16  sys_io.o(.text)
    _sys_read                                0x00000f99   Thumb Code    14  sys_io.o(.text)
    _sys_istty                               0x00000fa7   Thumb Code    12  sys_io.o(.text)
    _sys_seek                                0x00000fb3   Thumb Code    14  sys_io.o(.text)
    _sys_ensure                              0x00000fc1   Thumb Code     2  sys_io.o(.text)
    _sys_flen                                0x00000fc3   Thumb Code    12  sys_io.o(.text)
    __user_setup_stackheap                   0x00000fcf   Thumb Code    74  sys_stackheap_outer.o(.text)
    free                                     0x00001019   Thumb Code    78  h1_free.o(.text)
    __flsbuf                                 0x00001067   Thumb Code   470  flsbuf.o(.text)
    __flsbuf_byte                            0x00001067   Thumb Code     0  flsbuf.o(.text)
    __flsbuf_wide                            0x00001067   Thumb Code     0  flsbuf.o(.text)
    setvbuf                                  0x0000123d   Thumb Code    70  setvbuf.o(.text)
    freopen                                  0x00001285   Thumb Code   158  fopen.o(.text)
    fopen                                    0x00001323   Thumb Code    74  fopen.o(.text)
    _fclose_internal                         0x00001371   Thumb Code    76  fclose.o(.text)
    fclose                                   0x00001371   Thumb Code     0  fclose.o(.text)
    exit                                     0x000013bd   Thumb Code    12  exit.o(.text)
    __rt_SIGRTRED                            0x000013c9   Thumb Code    14  defsig_rtred_outer.o(.text)
    __aeabi_memclr4                          0x000013d7   Thumb Code     0  rt_memclr_w.o(.text)
    __aeabi_memclr8                          0x000013d7   Thumb Code     0  rt_memclr_w.o(.text)
    __rt_memclr_w                            0x000013d7   Thumb Code    78  rt_memclr_w.o(.text)
    _memset_w                                0x000013db   Thumb Code     0  rt_memclr_w.o(.text)
    __user_libspace                          0x00001425   Thumb Code     8  libspace.o(.text)
    __user_perproc_libspace                  0x00001425   Thumb Code     0  libspace.o(.text)
    __user_perthread_libspace                0x00001425   Thumb Code     0  libspace.o(.text)
    __I$use$semihosting                      0x0000142d   Thumb Code     0  use_no_semi.o(.text)
    __use_no_semihosting_swi                 0x0000142d   Thumb Code     2  use_no_semi.o(.text)
    __semihosting_library_function           0x0000142f   Thumb Code     0  indicate_semi.o(.text)
    __rt_heap_descriptor                     0x00001431   Thumb Code     8  rt_heap_descriptor_intlibspace.o(.text)
    __use_no_heap                            0x00001439   Thumb Code     2  hguard.o(.text)
    __heap$guard                             0x0000143b   Thumb Code     2  hguard.o(.text)
    _terminate_user_alloc                    0x0000143d   Thumb Code     2  init_alloc.o(.text)
    _init_user_alloc                         0x0000143f   Thumb Code     2  init_alloc.o(.text)
    __Heap_Full                              0x00001441   Thumb Code    34  init_alloc.o(.text)
    __Heap_Broken                            0x00001463   Thumb Code     6  init_alloc.o(.text)
    _init_alloc                              0x00001469   Thumb Code    94  init_alloc.o(.text)
    malloc                                   0x000014c7   Thumb Code    94  h1_alloc.o(.text)
    _fseek                                   0x00001525   Thumb Code   242  fseek.o(.text)
    fseek                                    0x00001525   Thumb Code     0  fseek.o(.text)
    _seterr                                  0x0000161d   Thumb Code    20  stdio.o(.text)
    _writebuf                                0x00001631   Thumb Code    84  stdio.o(.text)
    _fflush                                  0x00001685   Thumb Code    70  stdio.o(.text)
    _deferredlazyseek                        0x000016cb   Thumb Code    60  stdio.o(.text)
    __sig_exit                               0x0000170d   Thumb Code    10  defsig_exit.o(.text)
    __rt_SIGRTRED_inner                      0x00001719   Thumb Code    14  defsig_rtred_inner.o(.text)
    strlen                                   0x0000174d   Thumb Code    62  strlen.o(.text)
    _sys_exit                                0x0000178d   Thumb Code     8  sys_exit.o(.text)
    __Heap_Initialize                        0x00001799   Thumb Code    10  h1_init.o(.text)
    __Heap_DescSize                          0x000017a3   Thumb Code     4  h1_init.o(.text)
    __Heap_ProvideMemory                     0x000017a7   Thumb Code    52  h1_extend.o(.text)
    _ftell_internal                          0x000017db   Thumb Code    66  ftell.o(.text)
    ftell                                    0x000017db   Thumb Code     0  ftell.o(.text)
    __default_signal_display                 0x0000181d   Thumb Code    50  defsig_general.o(.text)
    __rt_SIGRTMEM                            0x0000184f   Thumb Code    14  defsig_rtmem_outer.o(.text)
    _ttywrch                                 0x0000185d   Thumb Code    14  sys_wrch.o(.text)
    __aeabi_errno_addr                       0x0000186d   Thumb Code     8  rt_errno_addr_intlibspace.o(.text)
    __errno$intlibspace                      0x0000186d   Thumb Code     0  rt_errno_addr_intlibspace.o(.text)
    __rt_errno_addr$intlibspace              0x0000186d   Thumb Code     0  rt_errno_addr_intlibspace.o(.text)
    __rt_SIGRTMEM_inner                      0x00001875   Thumb Code    22  defsig_rtmem_inner.o(.text)
    _is_digit                                0x000018c5   Thumb Code    14  __printf_wp.o(i._is_digit)
    fputc                                    0x000018d3   Thumb Code    26  fputc.o(i.fputc)
    _fp_init                                 0x000018ed   Thumb Code    10  fpinit.o(x$fpl$fpinit)
    __fplib_config_fpu_vfp                   0x000018f5   Thumb Code     0  fpinit.o(x$fpl$fpinit)
    __fplib_config_pureend_doubles           0x000018f5   Thumb Code     0  fpinit.o(x$fpl$fpinit)
    IP                                       0x000018f6   Data          64  main.o(.constdata)
    FP                                       0x00001936   Data          64  main.o(.constdata)
    E                                        0x00001976   Data          48  main.o(.constdata)
    P                                        0x000019a6   Data          32  main.o(.constdata)
    PC_1                                     0x000019c6   Data          56  main.o(.constdata)
    PC_2                                     0x000019fe   Data          48  main.o(.constdata)
    ISV                                      0x00001a2e   Data          16  main.o(.constdata)
    S_box1                                   0x00001a3e   Data          64  main.o(.constdata)
    S_box2                                   0x00001a7e   Data          64  main.o(.constdata)
    S_box3                                   0x00001abe   Data          64  main.o(.constdata)
    S_box4                                   0x00001afe   Data          64  main.o(.constdata)
    S_box5                                   0x00001b3e   Data          64  main.o(.constdata)
    S_box6                                   0x00001b7e   Data          64  main.o(.constdata)
    S_box7                                   0x00001bbe   Data          64  main.o(.constdata)
    S_box8                                   0x00001bfe   Data          64  main.o(.constdata)
    __stdin_name                             0x00001c77   Data           4  sys_io.o(.constdata)
    __stdout_name                            0x00001c7b   Data           4  sys_io.o(.constdata)
    __stderr_name                            0x00001c7f   Data           4  sys_io.o(.constdata)
    Region$$Table$$Base                      0x00001c84   Number         0  anon$$obj.o(Region$$Table)
    Region$$Table$$Limit                     0x00001ca4   Number         0  anon$$obj.o(Region$$Table)
    __aeabi_stdin                            0x20000000   Data           4  stdio_streams.o(.data)
    __aeabi_stdout                           0x20000004   Data           4  stdio_streams.o(.data)
    __aeabi_stderr                           0x20000008   Data           4  stdio_streams.o(.data)
    __stdin                                  0x2000000c   Data          84  stdio_streams.o(.bss)
    __stdout                                 0x20000060   Data          84  stdio_streams.o(.bss)
    __stderr                                 0x200000b4   Data          84  stdio_streams.o(.bss)
    __libspace_start                         0x20000108   Data          96  libspace.o(.bss)
    __temporary_stack_top$libspace           0x20000168   Data           0  libspace.o(.bss)



==============================================================================

Memory Map of the image

  Image Entry point : 0x0000026d

  Load Region LR_1 (Base: 0x00000000, Size: 0x00001cb0, Max: 0xffffffff, ABSOLUTE)

    Execution Region ER_RO (Base: 0x00000000, Size: 0x00001ca4, Max: 0xffffffff, ABSOLUTE)

    Base Addr    Size         Type   Attr      Idx    E Section Name        Object

    0x00000000   0x000002ac   Code   RO           33  * RESET               startup_tm4c123.o
    0x000002ac   0x00000008   Code   RO           99  * !!!main             c_w.l(__main.o)
    0x000002b4   0x00000034   Code   RO          449    !!!scatter          c_w.l(__scatter.o)
    0x000002e8   0x0000001a   Code   RO          451    !!handler_copy      c_w.l(__scatter_copy.o)
    0x00000302   0x00000002   PAD
    0x00000304   0x0000001c   Code   RO          453    !!handler_zi        c_w.l(__scatter_zi.o)
    0x00000320   0x00000000   Code   RO           96    .ARM.Collect$$_printf_percent$$00000000  c_w.l(_printf_percent.o)
    0x00000320   0x00000006   Code   RO           95    .ARM.Collect$$_printf_percent$$00000009  c_w.l(_printf_d.o)
    0x00000326   0x00000006   Code   RO           94    .ARM.Collect$$_printf_percent$$0000000C  c_w.l(_printf_x.o)
    0x0000032c   0x00000004   Code   RO          106    .ARM.Collect$$_printf_percent$$00000017  c_w.l(_printf_percent_end.o)
    0x00000330   0x00000002   Code   RO          237    .ARM.Collect$$libinit$$00000000  c_w.l(libinit.o)
    0x00000332   0x00000004   Code   RO          238    .ARM.Collect$$libinit$$00000001  c_w.l(libinit2.o)
    0x00000336   0x00000000   Code   RO          241    .ARM.Collect$$libinit$$00000004  c_w.l(libinit2.o)
    0x00000336   0x00000008   Code   RO          242    .ARM.Collect$$libinit$$00000005  c_w.l(libinit2.o)
    0x0000033e   0x00000000   Code   RO          244    .ARM.Collect$$libinit$$0000000A  c_w.l(libinit2.o)
    0x0000033e   0x00000000   Code   RO          246    .ARM.Collect$$libinit$$0000000C  c_w.l(libinit2.o)
    0x0000033e   0x00000000   Code   RO          248    .ARM.Collect$$libinit$$0000000E  c_w.l(libinit2.o)
    0x0000033e   0x00000000   Code   RO          251    .ARM.Collect$$libinit$$00000011  c_w.l(libinit2.o)
    0x0000033e   0x00000000   Code   RO          253    .ARM.Collect$$libinit$$00000013  c_w.l(libinit2.o)
    0x0000033e   0x00000000   Code   RO          255    .ARM.Collect$$libinit$$00000015  c_w.l(libinit2.o)
    0x0000033e   0x00000000   Code   RO          257    .ARM.Collect$$libinit$$00000017  c_w.l(libinit2.o)
    0x0000033e   0x00000000   Code   RO          259    .ARM.Collect$$libinit$$00000019  c_w.l(libinit2.o)
    0x0000033e   0x00000000   Code   RO          261    .ARM.Collect$$libinit$$0000001B  c_w.l(libinit2.o)
    0x0000033e   0x00000000   Code   RO          263    .ARM.Collect$$libinit$$0000001D  c_w.l(libinit2.o)
    0x0000033e   0x00000000   Code   RO          265    .ARM.Collect$$libinit$$0000001F  c_w.l(libinit2.o)
    0x0000033e   0x00000000   Code   RO          267    .ARM.Collect$$libinit$$00000021  c_w.l(libinit2.o)
    0x0000033e   0x00000000   Code   RO          269    .ARM.Collect$$libinit$$00000023  c_w.l(libinit2.o)
    0x0000033e   0x00000004   Code   RO          270    .ARM.Collect$$libinit$$00000024  c_w.l(libinit2.o)
    0x00000342   0x00000000   Code   RO          271    .ARM.Collect$$libinit$$00000025  c_w.l(libinit2.o)
    0x00000342   0x00000000   Code   RO          275    .ARM.Collect$$libinit$$0000002C  c_w.l(libinit2.o)
    0x00000342   0x00000000   Code   RO          277    .ARM.Collect$$libinit$$0000002E  c_w.l(libinit2.o)
    0x00000342   0x00000000   Code   RO          279    .ARM.Collect$$libinit$$00000030  c_w.l(libinit2.o)
    0x00000342   0x00000000   Code   RO          281    .ARM.Collect$$libinit$$00000032  c_w.l(libinit2.o)
    0x00000342   0x00000002   Code   RO          282    .ARM.Collect$$libinit$$00000033  c_w.l(libinit2.o)
    0x00000344   0x00000002   Code   RO          428    .ARM.Collect$$libshutdown$$00000000  c_w.l(libshutdown.o)
    0x00000346   0x00000004   Code   RO          284    .ARM.Collect$$libshutdown$$00000002  c_w.l(libshutdown2.o)
    0x0000034a   0x00000000   Code   RO          285    .ARM.Collect$$libshutdown$$00000003  c_w.l(libshutdown2.o)
    0x0000034a   0x00000000   Code   RO          288    .ARM.Collect$$libshutdown$$00000006  c_w.l(libshutdown2.o)
    0x0000034a   0x00000000   Code   RO          291    .ARM.Collect$$libshutdown$$00000009  c_w.l(libshutdown2.o)
    0x0000034a   0x00000000   Code   RO          293    .ARM.Collect$$libshutdown$$0000000B  c_w.l(libshutdown2.o)
    0x0000034a   0x00000000   Code   RO          296    .ARM.Collect$$libshutdown$$0000000E  c_w.l(libshutdown2.o)
    0x0000034a   0x00000002   Code   RO          297    .ARM.Collect$$libshutdown$$0000000F  c_w.l(libshutdown2.o)
    0x0000034c   0x00000000   Code   RO          101    .ARM.Collect$$rtentry$$00000000  c_w.l(__rtentry.o)
    0x0000034c   0x00000000   Code   RO          114    .ARM.Collect$$rtentry$$00000002  c_w.l(__rtentry2.o)
    0x0000034c   0x00000006   Code   RO          126    .ARM.Collect$$rtentry$$00000004  c_w.l(__rtentry4.o)
    0x00000352   0x00000000   Code   RO          116    .ARM.Collect$$rtentry$$00000009  c_w.l(__rtentry2.o)
    0x00000352   0x00000004   Code   RO          117    .ARM.Collect$$rtentry$$0000000A  c_w.l(__rtentry2.o)
    0x00000356   0x00000000   Code   RO          119    .ARM.Collect$$rtentry$$0000000C  c_w.l(__rtentry2.o)
    0x00000356   0x00000008   Code   RO          120    .ARM.Collect$$rtentry$$0000000D  c_w.l(__rtentry2.o)
    0x0000035e   0x00000002   Code   RO          306    .ARM.Collect$$rtexit$$00000000  c_w.l(rtexit.o)
    0x00000360   0x00000000   Code   RO          364    .ARM.Collect$$rtexit$$00000002  c_w.l(rtexit2.o)
    0x00000360   0x00000004   Code   RO          365    .ARM.Collect$$rtexit$$00000003  c_w.l(rtexit2.o)
    0x00000364   0x00000006   Code   RO          366    .ARM.Collect$$rtexit$$00000004  c_w.l(rtexit2.o)
    0x0000036a   0x00000002   PAD
    0x0000036c   0x00000000   Code   RO          370    .emb_text           c_w.l(maybetermalloc1.o)
    0x0000036c   0x00000740   Code   RO            1    .text               main.o
    0x00000aac   0x00000018   Code   RO           45    .text               c_w.l(noretval__2printf.o)
    0x00000ac4   0x0000004e   Code   RO           49    .text               c_w.l(_printf_pad.o)
    0x00000b12   0x00000002   PAD
    0x00000b14   0x00000078   Code   RO           51    .text               c_w.l(_printf_dec.o)
    0x00000b8c   0x00000058   Code   RO           56    .text               c_w.l(_printf_hex_int.o)
    0x00000be4   0x00000138   Code   RO           86    .text               c_w.l(__printf_flags_wp.o)
    0x00000d1c   0x00000006   Code   RO           97    .text               c_w.l(heapauxi.o)
    0x00000d22   0x000000b2   Code   RO          102    .text               c_w.l(_printf_intcommon.o)
    0x00000dd4   0x00000024   Code   RO          104    .text               c_w.l(_printf_char_file.o)
    0x00000df8   0x00000030   Code   RO          128    .text               c_w.l(_printf_char_common.o)
    0x00000e28   0x00000008   Code   RO          130    .text               c_w.l(ferror.o)
    0x00000e30   0x00000138   Code   RO          136    .text               c_w.l(initio.o)
    0x00000f68   0x00000066   Code   RO          144    .text               c_w.l(sys_io.o)
    0x00000fce   0x0000004a   Code   RO          151    .text               c_w.l(sys_stackheap_outer.o)
    0x00001018   0x0000004e   Code   RO          155    .text               c_w.l(h1_free.o)
    0x00001066   0x000001d6   Code   RO          211    .text               c_w.l(flsbuf.o)
    0x0000123c   0x00000046   Code   RO          213    .text               c_w.l(setvbuf.o)
    0x00001282   0x00000002   PAD
    0x00001284   0x000000ec   Code   RO          216    .text               c_w.l(fopen.o)
    0x00001370   0x0000004c   Code   RO          218    .text               c_w.l(fclose.o)
    0x000013bc   0x0000000c   Code   RO          224    .text               c_w.l(exit.o)
    0x000013c8   0x0000000e   Code   RO          226    .text               c_w.l(defsig_rtred_outer.o)
    0x000013d6   0x0000004e   Code   RO          230    .text               c_w.l(rt_memclr_w.o)
    0x00001424   0x00000008   Code   RO          300    .text               c_w.l(libspace.o)
    0x0000142c   0x00000002   Code   RO          303    .text               c_w.l(use_no_semi.o)
    0x0000142e   0x00000000   Code   RO          305    .text               c_w.l(indicate_semi.o)
    0x0000142e   0x00000002   PAD
    0x00001430   0x00000008   Code   RO          313    .text               c_w.l(rt_heap_descriptor_intlibspace.o)
    0x00001438   0x00000004   Code   RO          315    .text               c_w.l(hguard.o)
    0x0000143c   0x0000008a   Code   RO          317    .text               c_w.l(init_alloc.o)
    0x000014c6   0x0000005e   Code   RO          323    .text               c_w.l(h1_alloc.o)
    0x00001524   0x000000f8   Code   RO          339    .text               c_w.l(fseek.o)
    0x0000161c   0x000000f0   Code   RO          341    .text               c_w.l(stdio.o)
    0x0000170c   0x0000000a   Code   RO          347    .text               c_w.l(defsig_exit.o)
    0x00001716   0x00000002   PAD
    0x00001718   0x00000034   Code   RO          349    .text               c_w.l(defsig_rtred_inner.o)
    0x0000174c   0x0000003e   Code   RO          353    .text               c_w.l(strlen.o)
    0x0000178a   0x00000002   PAD
    0x0000178c   0x0000000c   Code   RO          361    .text               c_w.l(sys_exit.o)
    0x00001798   0x0000000e   Code   RO          372    .text               c_w.l(h1_init.o)
    0x000017a6   0x00000034   Code   RO          374    .text               c_w.l(h1_extend.o)
    0x000017da   0x00000042   Code   RO          384    .text               c_w.l(ftell.o)
    0x0000181c   0x00000032   Code   RO          392    .text               c_w.l(defsig_general.o)
    0x0000184e   0x0000000e   Code   RO          394    .text               c_w.l(defsig_rtmem_outer.o)
    0x0000185c   0x0000000e   Code   RO          409    .text               c_w.l(sys_wrch.o)
    0x0000186a   0x00000002   PAD
    0x0000186c   0x00000008   Code   RO          416    .text               c_w.l(rt_errno_addr_intlibspace.o)
    0x00001874   0x00000050   Code   RO          422    .text               c_w.l(defsig_rtmem_inner.o)
    0x000018c4   0x0000000e   Code   RO           84    i._is_digit         c_w.l(__printf_wp.o)
    0x000018d2   0x0000001a   Code   RO          133    i.fputc             c_w.l(fputc.o)
    0x000018ec   0x0000000a   Code   RO          359    x$fpl$fpinit        fz_wm.l(fpinit.o)
    0x000018f6   0x00000348   Data   RO            2    .constdata          main.o
    0x00001c3e   0x00000028   Data   RO           57    .constdata          c_w.l(_printf_hex_int.o)
    0x00001c66   0x00000011   Data   RO           87    .constdata          c_w.l(__printf_flags_wp.o)
    0x00001c77   0x00000004   Data   RO          145    .constdata          c_w.l(sys_io.o)
    0x00001c7b   0x00000004   Data   RO          146    .constdata          c_w.l(sys_io.o)
    0x00001c7f   0x00000004   Data   RO          147    .constdata          c_w.l(sys_io.o)
    0x00001c83   0x00000001   PAD
    0x00001c84   0x00000020   Data   RO          447    Region$$Table       anon$$obj.o


    Execution Region ER_RW (Base: 0x20000000, Size: 0x0000000c, Max: 0xffffffff, ABSOLUTE)

    Base Addr    Size         Type   Attr      Idx    E Section Name        Object

    0x20000000   0x00000004   Data   RW          110    .data               c_w.l(stdio_streams.o)
    0x20000004   0x00000004   Data   RW          111    .data               c_w.l(stdio_streams.o)
    0x20000008   0x00000004   Data   RW          112    .data               c_w.l(stdio_streams.o)


    Execution Region ER_ZI (Base: 0x2000000c, Size: 0x0000055c, Max: 0xffffffff, ABSOLUTE)

    Base Addr    Size         Type   Attr      Idx    E Section Name        Object

    0x2000000c   0x00000054   Zero   RW          107    .bss                c_w.l(stdio_streams.o)
    0x20000060   0x00000054   Zero   RW          108    .bss                c_w.l(stdio_streams.o)
    0x200000b4   0x00000054   Zero   RW          109    .bss                c_w.l(stdio_streams.o)
    0x20000108   0x00000060   Zero   RW          301    .bss                c_w.l(libspace.o)
    0x20000168   0x00000000   Zero   RW           32    HEAP                startup_tm4c123.o
    0x20000168   0x00000400   Zero   RW           31    STACK               startup_tm4c123.o


==============================================================================

Image component sizes


      Code (inc. data)   RO Data    RW Data    ZI Data      Debug   Object Name

      1856        172        840          0          0       9702   main.o
       684        634          0          0       1024        912   startup_tm4c123.o

    ----------------------------------------------------------------------
      2540        806        872          0       1024      10614   Object Totals
         0          0         32          0          0          0   (incl. Generated)
         0          0          0          0          0          0   (incl. Padding)

    ----------------------------------------------------------------------

      Code (inc. data)   RO Data    RW Data    ZI Data      Debug   Library Member Name

         8          0          0          0          0         68   __main.o
       312          4         17          0          0         92   __printf_flags_wp.o
        14          0          0          0          0         68   __printf_wp.o
         0          0          0          0          0          0   __rtentry.o
        12          0          0          0          0          0   __rtentry2.o
         6          0          0          0          0          0   __rtentry4.o
        52          8          0          0          0          0   __scatter.o
        26          0          0          0          0          0   __scatter_copy.o
        28          0          0          0          0          0   __scatter_zi.o
        48          6          0          0          0         96   _printf_char_common.o
        36          4          0          0          0         80   _printf_char_file.o
         6          0          0          0          0          0   _printf_d.o
       120         16          0          0          0         92   _printf_dec.o
        88          4         40          0          0         88   _printf_hex_int.o
       178          0          0          0          0         88   _printf_intcommon.o
        78          0          0          0          0        108   _printf_pad.o
         0          0          0          0          0          0   _printf_percent.o
         4          0          0          0          0          0   _printf_percent_end.o
         6          0          0          0          0          0   _printf_x.o
        10          0          0          0          0         68   defsig_exit.o
        50          0          0          0          0         88   defsig_general.o
        80         58          0          0          0         76   defsig_rtmem_inner.o
        14          0          0          0          0         80   defsig_rtmem_outer.o
        52         38          0          0          0         76   defsig_rtred_inner.o
        14          0          0          0          0         80   defsig_rtred_outer.o
        12          0          0          0          0         72   exit.o
        76          0          0          0          0         88   fclose.o
         8          0          0          0          0         68   ferror.o
       470          0          0          0          0         88   flsbuf.o
       236          4          0          0          0        128   fopen.o
        26          0          0          0          0         68   fputc.o
       248          6          0          0          0         84   fseek.o
        66          0          0          0          0         76   ftell.o
        94          0          0          0          0         80   h1_alloc.o
        52          0          0          0          0         68   h1_extend.o
        78          0          0          0          0         80   h1_free.o
        14          0          0          0          0         84   h1_init.o
         6          0          0          0          0        152   heapauxi.o
         4          0          0          0          0        136   hguard.o
         0          0          0          0          0          0   indicate_semi.o
       138          0          0          0          0        168   init_alloc.o
       312         46          0          0          0        112   initio.o
         2          0          0          0          0          0   libinit.o
        18          0          0          0          0          0   libinit2.o
         2          0          0          0          0          0   libshutdown.o
         6          0          0          0          0          0   libshutdown2.o
         8          4          0          0         96         68   libspace.o
         0          0          0          0          0          0   maybetermalloc1.o
        24          4          0          0          0         84   noretval__2printf.o
         8          4          0          0          0         68   rt_errno_addr_intlibspace.o
         8          4          0          0          0         68   rt_heap_descriptor_intlibspace.o
        78          0          0          0          0         80   rt_memclr_w.o
         2          0          0          0          0          0   rtexit.o
        10          0          0          0          0          0   rtexit2.o
        70          0          0          0          0         80   setvbuf.o
       240          6          0          0          0        156   stdio.o
         0          0          0         12        252          0   stdio_streams.o
        62          0          0          0          0         76   strlen.o
        12          4          0          0          0         68   sys_exit.o
       102          0         12          0          0        240   sys_io.o
        74          0          0          0          0         80   sys_stackheap_outer.o
        14          0          0          0          0         76   sys_wrch.o
         2          0          0          0          0         68   use_no_semi.o
        10          0          0          0          0        116   fpinit.o

    ----------------------------------------------------------------------
      3850        220         70         12        348       4128   Library Totals
        16          0          1          0          0          0   (incl. Padding)

    ----------------------------------------------------------------------

      Code (inc. data)   RO Data    RW Data    ZI Data      Debug   Library Name

      3824        220         69         12        348       4012   c_w.l
        10          0          0          0          0        116   fz_wm.l

    ----------------------------------------------------------------------
      3850        220         70         12        348       4128   Library Totals

    ----------------------------------------------------------------------

==============================================================================


      Code (inc. data)   RO Data    RW Data    ZI Data      Debug   

      6390       1026        942         12       1372      12610   Grand Totals
      6390       1026        942         12       1372      12610   ELF Image Totals
      6390       1026        942         12          0          0   ROM Totals

==============================================================================

    Total RO  Size (Code + RO Data)                 7332 (   7.16kB)
    Total RW  Size (RW Data + ZI Data)              1384 (   1.35kB)
    Total ROM Size (Code + RO Data + RW Data)       7344 (   7.17kB)

==============================================================================

